../Core/Src/../Modules/Button/button.h:38:8:void Button::setLastState(uint8_t)	16	static
../Core/Src/../Modules/Button/button.h:41:8:void Button::setCurrentState(uint8_t)	16	static
../Core/Src/../Modules/Button/button.h:48:11:uint8_t Button::getCurrentState()	16	static
../Core/Src/../Modules/Button/button.h:19:7:Button::Button()	16	static
../Core/Src/main.cpp:142:6:void HAL_GPIO_EXTI_Callback(uint16_t)	48	static
../Core/Src/main.cpp:166:5:int main()	8	static
../Core/Src/main.cpp:261:6:void SystemClock_Config()	88	static
../Core/Src/main.cpp:303:13:void MX_ADC1_Init()	24	static
../Core/Src/main.cpp:355:13:void MX_USART2_UART_Init()	8	static
../Core/Src/main.cpp:386:13:void MX_DMA_Init()	16	static
../Core/Src/main.cpp:404:13:void MX_GPIO_Init()	48	static
../Core/Src/main.cpp:443:6:void controlPWMLedTask(void*)	16	static
../Core/Src/main.cpp:461:6:void sensorHandlerTask(void*)	96	static
../Core/Src/main.cpp:492:6:void transmitDataTask(void*)	88	static
../Core/Src/main.cpp:519:6:void receiveDataTask(void*)	16	static
../Core/Src/main.cpp:536:6:void buttonHandlerTask(void*)	48	static
../Core/Src/main.cpp:566:6:void buttonTransmitEventTask(void*)	32	static
../Core/Src/main.cpp:591:6:void HAL_TIM_PeriodElapsedCallback(TIM_HandleTypeDef*)	16	static
../Core/Src/main.cpp:608:6:void Error_Handler()	4	static,ignoring_inline_asm
