../Core/Src/../Modules/Button/button.h:38:8:void Button::setLastState(uint8_t)	16	static
../Core/Src/../Modules/Button/button.h:41:8:void Button::setCurrentState(uint8_t)	16	static
../Core/Src/../Modules/Button/button.h:48:11:uint8_t Button::getCurrentState()	16	static
../Core/Src/../RingBuffer/ringBuffer.h:23:6:RingBuffer::RingBuffer()	16	static
../Core/Src/../Modules/Button/button.h:19:7:Button::Button()	16	static
../Core/Src/main.cpp:147:6:void HAL_GPIO_EXTI_Callback(uint16_t)	48	static
../Core/Src/main.cpp:166:6:void HAL_UART_RxCpltCallback(UART_HandleTypeDef*)	24	static
../Core/Src/main.cpp:183:5:int main()	8	static
../Core/Src/main.cpp:286:6:void SystemClock_Config()	88	static
../Core/Src/main.cpp:328:13:void MX_ADC1_Init()	24	static
../Core/Src/main.cpp:375:15:void MX_TIM3_Init()	48	static
../Core/Src/main.cpp:428:15:void MX_TIM4_Init()	48	static
../Core/Src/main.cpp:476:13:void MX_USART2_UART_Init()	8	static
../Core/Src/main.cpp:503:13:void MX_DMA_Init()	16	static
../Core/Src/main.cpp:523:13:void MX_GPIO_Init()	48	static
../Core/Src/main.cpp:562:6:void controlPWMLedTask(void*)	48	static
../Core/Src/main.cpp:589:6:void sensorHandlerTask(void*)	96	static
../Core/Src/main.cpp:618:6:void transmitDataTask(void*)	88	static
../Core/Src/main.cpp:645:6:void buttonHandlerTask(void*)	48	static
../Core/Src/main.cpp:672:6:void buttonTransmitEventTask(void*)	32	static
../Core/Src/main.cpp:697:6:void HAL_TIM_PeriodElapsedCallback(TIM_HandleTypeDef*)	16	static
../Core/Src/main.cpp:714:6:void Error_Handler()	4	static,ignoring_inline_asm
../Core/Src/main.cpp:723:1:void __static_initialization_and_destruction_0(int, int)	16	static
../Core/Src/main.cpp:723:1:cpp)	8	static
