01:27:14 **** Incremental Build of configuration Debug for project TechoLabPrj ****
make -j6 all 
arm-none-eabi-g++ -o "TechoLabPrj.elf" @"objects.list"   -mcpu=cortex-m4 -T"C:\Users\alexander\Desktop\TechnoLabProj\TechnoLabQuest\TechoLabPrj\STM32F446RETX_FLASH.ld" --specs=nosys.specs -Wl,-Map="TechoLabPrj.map" -Wl,--gc-sections -static --specs=nano.specs -mfpu=fpv4-sp-d16 -mfloat-abi=hard -mthumb -Wl,--start-group -lc -lm -lstdc++ -lsupc++ -Wl,--end-group
e:\stm\stm32cubeide_1.10.1\stm32cubeide\plugins\com.st.stm32cube.ide.mcu.externaltools.gnu-tools-for-stm32.10.3-2021.10.win32_1.0.0.202111181127\tools\arm-none-eabi\bin\ld.exe: ./Core/Src/main.o: in function `sensorHandlerTask(void*)':
C:/Users/alexander/Desktop/TechnoLabProj/TechnoLabQuest/TechoLabPrj/Debug/../Core/Src/main.cpp:416: undefined reference to `DHT_getData(DHT_sensor*)'
collect2.exe: error: ld returned 1 exit status
make: *** [makefile:84: TechoLabPrj.elf] Error 1
"make -j6 all" terminated with exit code 2. Build might be incomplete.
01:27:56 **** Incremental Build of configuration Debug for project TechoLabPrj ****
make -j6 all 
arm-none-eabi-g++ "../Core/Src/main.cpp" -mcpu=cortex-m4 -std=gnu++14 -g3 -DDEBUG -DUSE_HAL_DRIVER -DSTM32F446xx -c -I../Core/Inc -I../Drivers/STM32F4xx_HAL_Driver/Inc -I../Drivers/STM32F4xx_HAL_Driver/Inc/Legacy -I../Drivers/CMSIS/Device/ST/STM32F4xx/Include -I../Drivers/CMSIS/Include -I../Middlewares/Third_Party/FreeRTOS/Source/include -I../Middlewares/Third_Party/FreeRTOS/Source/CMSIS_RTOS_V2 -I../Middlewares/Third_Party/FreeRTOS/Source/portable/GCC/ARM_CM4F -O0 -ffunction-sections -fdata-sections -fno-exceptions -fno-rtti -fno-use-cxa-atexit -Wall -fstack-usage -MMD -MP -MF"Core/Src/main.d" -MT"Core/Src/main.o" --specs=nano.specs -mfpu=fpv4-sp-d16 -mfloat-abi=hard -mthumb -o "Core/Src/main.o"
arm-none-eabi-g++ -o "TechoLabPrj.elf" @"objects.list"   -mcpu=cortex-m4 -T"C:\Users\alexander\Desktop\TechnoLabProj\TechnoLabQuest\TechoLabPrj\STM32F446RETX_FLASH.ld" --specs=nosys.specs -Wl,-Map="TechoLabPrj.map" -Wl,--gc-sections -static --specs=nano.specs -mfpu=fpv4-sp-d16 -mfloat-abi=hard -mthumb -Wl,--start-group -lc -lm -lstdc++ -lsupc++ -Wl,--end-group
Finished building target: TechoLabPrj.elf
 
arm-none-eabi-size   TechoLabPrj.elf 
arm-none-eabi-objdump -h -S  TechoLabPrj.elf  > "TechoLabPrj.list"
   text	   data	    bss	    dec	    hex	filename
  30120	    144	  20688	  50952	   c708	TechoLabPrj.elf
Finished building: default.size.stdout
 
Finished building: TechoLabPrj.list
 
01:28:07 **** Incremental Build of configuration Debug for project TechoLabPrj ****
make -j6 all 
arm-none-eabi-size   TechoLabPrj.elf 
   text	   data	    bss	    dec	    hex	filename
  30120	    144	  20688	  50952	   c708	TechoLabPrj.elf
Finished building: default.size.stdout
 
01:28:49 **** Incremental Build of configuration Debug for project TechoLabPrj ****
make -j6 all 
arm-none-eabi-g++ "../Core/Src/main.cpp" -mcpu=cortex-m4 -std=gnu++14 -g3 -DDEBUG -DUSE_HAL_DRIVER -DSTM32F446xx -c -I../Core/Inc -I../Drivers/STM32F4xx_HAL_Driver/Inc -I../Drivers/STM32F4xx_HAL_Driver/Inc/Legacy -I../Drivers/CMSIS/Device/ST/STM32F4xx/Include -I../Drivers/CMSIS/Include -I../Middlewares/Third_Party/FreeRTOS/Source/include -I../Middlewares/Third_Party/FreeRTOS/Source/CMSIS_RTOS_V2 -I../Middlewares/Third_Party/FreeRTOS/Source/portable/GCC/ARM_CM4F -O0 -ffunction-sections -fdata-sections -fno-exceptions -fno-rtti -fno-use-cxa-atexit -Wall -fstack-usage -MMD -MP -MF"Core/Src/main.d" -MT"Core/Src/main.o" --specs=nano.specs -mfpu=fpv4-sp-d16 -mfloat-abi=hard -mthumb -o "Core/Src/main.o"
arm-none-eabi-g++ -o "TechoLabPrj.elf" @"objects.list"   -mcpu=cortex-m4 -T"C:\Users\alexander\Desktop\TechnoLabProj\TechnoLabQuest\TechoLabPrj\STM32F446RETX_FLASH.ld" --specs=nosys.specs -Wl,-Map="TechoLabPrj.map" -Wl,--gc-sections -static --specs=nano.specs -mfpu=fpv4-sp-d16 -mfloat-abi=hard -mthumb -Wl,--start-group -lc -lm -lstdc++ -lsupc++ -Wl,--end-group
e:\stm\stm32cubeide_1.10.1\stm32cubeide\plugins\com.st.stm32cube.ide.mcu.externaltools.gnu-tools-for-stm32.10.3-2021.10.win32_1.0.0.202111181127\tools\arm-none-eabi\bin\ld.exe: ./Core/Src/main.o: in function `sensorHandlerTask(void*)':
C:/Users/alexander/Desktop/TechnoLabProj/TechnoLabQuest/TechoLabPrj/Debug/../Core/Src/main.cpp:416: undefined reference to `DHT_getData(DHT_sensor*)'
collect2.exe: error: ld returned 1 exit status
make: *** [makefile:84: TechoLabPrj.elf] Error 1
"make -j6 all" terminated with exit code 2. Build might be incomplete.
01:34:24 **** Incremental Build of configuration Debug for project TechoLabPrj ****
make -j6 all 
arm-none-eabi-g++ "../Core/Modules/DHT/DHT.cpp" -mcpu=cortex-m4 -std=gnu++14 -g3 -DDEBUG -DUSE_HAL_DRIVER -DSTM32F446xx -c -I../Core/Inc -I../Drivers/STM32F4xx_HAL_Driver/Inc -I../Drivers/STM32F4xx_HAL_Driver/Inc/Legacy -I../Drivers/CMSIS/Device/ST/STM32F4xx/Include -I../Drivers/CMSIS/Include -I../Middlewares/Third_Party/FreeRTOS/Source/include -I../Middlewares/Third_Party/FreeRTOS/Source/CMSIS_RTOS_V2 -I../Middlewares/Third_Party/FreeRTOS/Source/portable/GCC/ARM_CM4F -O0 -ffunction-sections -fdata-sections -fno-exceptions -fno-rtti -fno-use-cxa-atexit -Wall -fstack-usage -MMD -MP -MF"Core/Modules/DHT/DHT.d" -MT"Core/Modules/DHT/DHT.o" --specs=nano.specs -mfpu=fpv4-sp-d16 -mfloat-abi=hard -mthumb -o "Core/Modules/DHT/DHT.o"
arm-none-eabi-g++ -o "TechoLabPrj.elf" @"objects.list"   -mcpu=cortex-m4 -T"C:\Users\alexander\Desktop\TechnoLabProj\TechnoLabQuest\TechoLabPrj\STM32F446RETX_FLASH.ld" --specs=nosys.specs -Wl,-Map="TechoLabPrj.map" -Wl,--gc-sections -static --specs=nano.specs -mfpu=fpv4-sp-d16 -mfloat-abi=hard -mthumb -Wl,--start-group -lc -lm -lstdc++ -lsupc++ -Wl,--end-group
Finished building target: TechoLabPrj.elf
 
arm-none-eabi-size   TechoLabPrj.elf 
arm-none-eabi-objdump -h -S  TechoLabPrj.elf  > "TechoLabPrj.list"
   text	   data	    bss	    dec	    hex	filename
  30120	    144	  20688	  50952	   c708	TechoLabPrj.elf
Finished building: default.size.stdout
 
Finished building: TechoLabPrj.list
 
01:35:02 **** Incremental Build of configuration Debug for project TechoLabPrj ****
make -j6 all 
arm-none-eabi-size   TechoLabPrj.elf 
   text	   data	    bss	    dec	    hex	filename
  30120	    144	  20688	  50952	   c708	TechoLabPrj.elf
Finished building: default.size.stdout
 
01:36:26 **** Incremental Build of configuration Debug for project TechoLabPrj ****
make -j6 all 
arm-none-eabi-size   TechoLabPrj.elf 
   text	   data	    bss	    dec	    hex	filename
  30120	    144	  20688	  50952	   c708	TechoLabPrj.elf
Finished building: default.size.stdout
 
01:37:16 **** Incremental Build of configuration Debug for project TechoLabPrj ****
make -j6 all 
arm-none-eabi-g++ "../Core/Src/main.cpp" -mcpu=cortex-m4 -std=gnu++14 -g3 -DDEBUG -DUSE_HAL_DRIVER -DSTM32F446xx -c -I../Core/Inc -I../Drivers/STM32F4xx_HAL_Driver/Inc -I../Drivers/STM32F4xx_HAL_Driver/Inc/Legacy -I../Drivers/CMSIS/Device/ST/STM32F4xx/Include -I../Drivers/CMSIS/Include -I../Middlewares/Third_Party/FreeRTOS/Source/include -I../Middlewares/Third_Party/FreeRTOS/Source/CMSIS_RTOS_V2 -I../Middlewares/Third_Party/FreeRTOS/Source/portable/GCC/ARM_CM4F -O0 -ffunction-sections -fdata-sections -fno-exceptions -fno-rtti -fno-use-cxa-atexit -Wall -fstack-usage -MMD -MP -MF"Core/Src/main.d" -MT"Core/Src/main.o" --specs=nano.specs -mfpu=fpv4-sp-d16 -mfloat-abi=hard -mthumb -o "Core/Src/main.o"
arm-none-eabi-g++ -o "TechoLabPrj.elf" @"objects.list"   -mcpu=cortex-m4 -T"C:\Users\alexander\Desktop\TechnoLabProj\TechnoLabQuest\TechoLabPrj\STM32F446RETX_FLASH.ld" --specs=nosys.specs -Wl,-Map="TechoLabPrj.map" -Wl,--gc-sections -static --specs=nano.specs -mfpu=fpv4-sp-d16 -mfloat-abi=hard -mthumb -Wl,--start-group -lc -lm -lstdc++ -lsupc++ -Wl,--end-group
Finished building target: TechoLabPrj.elf
 
arm-none-eabi-size   TechoLabPrj.elf 
arm-none-eabi-objdump -h -S  TechoLabPrj.elf  > "TechoLabPrj.list"
   text	   data	    bss	    dec	    hex	filename
  30120	    144	  20688	  50952	   c708	TechoLabPrj.elf
Finished building: default.size.stdout
 
Finished building: TechoLabPrj.list
 
01:37:19 **** Incremental Build of configuration Debug for project TechoLabPrj ****
make -j6 all 
arm-none-eabi-size   TechoLabPrj.elf 
   text	   data	    bss	    dec	    hex	filename
  30120	    144	  20688	  50952	   c708	TechoLabPrj.elf
Finished building: default.size.stdout
 
01:38:39 **** Incremental Build of configuration Debug for project TechoLabPrj ****
make -j6 all 
arm-none-eabi-g++ "../Core/Src/main.cpp" -mcpu=cortex-m4 -std=gnu++14 -g3 -DDEBUG -DUSE_HAL_DRIVER -DSTM32F446xx -c -I../Core/Inc -I../Drivers/STM32F4xx_HAL_Driver/Inc -I../Drivers/STM32F4xx_HAL_Driver/Inc/Legacy -I../Drivers/CMSIS/Device/ST/STM32F4xx/Include -I../Drivers/CMSIS/Include -I../Middlewares/Third_Party/FreeRTOS/Source/include -I../Middlewares/Third_Party/FreeRTOS/Source/CMSIS_RTOS_V2 -I../Middlewares/Third_Party/FreeRTOS/Source/portable/GCC/ARM_CM4F -O0 -ffunction-sections -fdata-sections -fno-exceptions -fno-rtti -fno-use-cxa-atexit -Wall -fstack-usage -MMD -MP -MF"Core/Src/main.d" -MT"Core/Src/main.o" --specs=nano.specs -mfpu=fpv4-sp-d16 -mfloat-abi=hard -mthumb -o "Core/Src/main.o"
arm-none-eabi-g++ -o "TechoLabPrj.elf" @"objects.list"   -mcpu=cortex-m4 -T"C:\Users\alexander\Desktop\TechnoLabProj\TechnoLabQuest\TechoLabPrj\STM32F446RETX_FLASH.ld" --specs=nosys.specs -Wl,-Map="TechoLabPrj.map" -Wl,--gc-sections -static --specs=nano.specs -mfpu=fpv4-sp-d16 -mfloat-abi=hard -mthumb -Wl,--start-group -lc -lm -lstdc++ -lsupc++ -Wl,--end-group
Finished building target: TechoLabPrj.elf
 
arm-none-eabi-size   TechoLabPrj.elf 
arm-none-eabi-objdump -h -S  TechoLabPrj.elf  > "TechoLabPrj.list"
   text	   data	    bss	    dec	    hex	filename
  30120	    144	  20688	  50952	   c708	TechoLabPrj.elf
Finished building: default.size.stdout
 
Finished building: TechoLabPrj.list
 
01:38:42 **** Incremental Build of configuration Debug for project TechoLabPrj ****
make -j6 all 
arm-none-eabi-size   TechoLabPrj.elf 
   text	   data	    bss	    dec	    hex	filename
  30120	    144	  20688	  50952	   c708	TechoLabPrj.elf
Finished building: default.size.stdout
 
01:39:23 **** Incremental Build of configuration Debug for project TechoLabPrj ****
make -j6 all 
arm-none-eabi-size   TechoLabPrj.elf 
   text	   data	    bss	    dec	    hex	filename
  30120	    144	  20688	  50952	   c708	TechoLabPrj.elf
Finished building: default.size.stdout
 
01:42:28 **** Incremental Build of configuration Debug for project TechoLabPrj ****
make -j6 all 
arm-none-eabi-g++ "../Core/Src/main.cpp" -mcpu=cortex-m4 -std=gnu++14 -g3 -DDEBUG -DUSE_HAL_DRIVER -DSTM32F446xx -c -I../Core/Inc -I../Drivers/STM32F4xx_HAL_Driver/Inc -I../Drivers/STM32F4xx_HAL_Driver/Inc/Legacy -I../Drivers/CMSIS/Device/ST/STM32F4xx/Include -I../Drivers/CMSIS/Include -I../Middlewares/Third_Party/FreeRTOS/Source/include -I../Middlewares/Third_Party/FreeRTOS/Source/CMSIS_RTOS_V2 -I../Middlewares/Third_Party/FreeRTOS/Source/portable/GCC/ARM_CM4F -O0 -ffunction-sections -fdata-sections -fno-exceptions -fno-rtti -fno-use-cxa-atexit -Wall -fstack-usage -MMD -MP -MF"Core/Src/main.d" -MT"Core/Src/main.o" --specs=nano.specs -mfpu=fpv4-sp-d16 -mfloat-abi=hard -mthumb -o "Core/Src/main.o"
arm-none-eabi-g++ -o "TechoLabPrj.elf" @"objects.list"   -mcpu=cortex-m4 -T"C:\Users\alexander\Desktop\TechnoLabProj\TechnoLabQuest\TechoLabPrj\STM32F446RETX_FLASH.ld" --specs=nosys.specs -Wl,-Map="TechoLabPrj.map" -Wl,--gc-sections -static --specs=nano.specs -mfpu=fpv4-sp-d16 -mfloat-abi=hard -mthumb -Wl,--start-group -lc -lm -lstdc++ -lsupc++ -Wl,--end-group
Finished building target: TechoLabPrj.elf
 
arm-none-eabi-size   TechoLabPrj.elf 
arm-none-eabi-objdump -h -S  TechoLabPrj.elf  > "TechoLabPrj.list"
   text	   data	    bss	    dec	    hex	filename
  30152	    144	  20688	  50984	   c728	TechoLabPrj.elf
Finished building: default.size.stdout
 
Finished building: TechoLabPrj.list
 
01:43:27 **** Incremental Build of configuration Debug for project TechoLabPrj ****
make -j6 all 
arm-none-eabi-g++ "../Core/Src/main.cpp" -mcpu=cortex-m4 -std=gnu++14 -g3 -DDEBUG -DUSE_HAL_DRIVER -DSTM32F446xx -c -I../Core/Inc -I../Drivers/STM32F4xx_HAL_Driver/Inc -I../Drivers/STM32F4xx_HAL_Driver/Inc/Legacy -I../Drivers/CMSIS/Device/ST/STM32F4xx/Include -I../Drivers/CMSIS/Include -I../Middlewares/Third_Party/FreeRTOS/Source/include -I../Middlewares/Third_Party/FreeRTOS/Source/CMSIS_RTOS_V2 -I../Middlewares/Third_Party/FreeRTOS/Source/portable/GCC/ARM_CM4F -O0 -ffunction-sections -fdata-sections -fno-exceptions -fno-rtti -fno-use-cxa-atexit -Wall -fstack-usage -MMD -MP -MF"Core/Src/main.d" -MT"Core/Src/main.o" --specs=nano.specs -mfpu=fpv4-sp-d16 -mfloat-abi=hard -mthumb -o "Core/Src/main.o"
arm-none-eabi-g++ -o "TechoLabPrj.elf" @"objects.list"   -mcpu=cortex-m4 -T"C:\Users\alexander\Desktop\TechnoLabProj\TechnoLabQuest\TechoLabPrj\STM32F446RETX_FLASH.ld" --specs=nosys.specs -Wl,-Map="TechoLabPrj.map" -Wl,--gc-sections -static --specs=nano.specs -mfpu=fpv4-sp-d16 -mfloat-abi=hard -mthumb -Wl,--start-group -lc -lm -lstdc++ -lsupc++ -Wl,--end-group
Finished building target: TechoLabPrj.elf
 
arm-none-eabi-size   TechoLabPrj.elf 
arm-none-eabi-objdump -h -S  TechoLabPrj.elf  > "TechoLabPrj.list"
   text	   data	    bss	    dec	    hex	filename
  30120	    144	  20688	  50952	   c708	TechoLabPrj.elf
Finished building: default.size.stdout
 
Finished building: TechoLabPrj.list
 
01:45:25 **** Incremental Build of configuration Debug for project TechoLabPrj ****
make -j6 all 
arm-none-eabi-g++ "../Core/Src/main.cpp" -mcpu=cortex-m4 -std=gnu++14 -g3 -DDEBUG -DUSE_HAL_DRIVER -DSTM32F446xx -c -I../Core/Inc -I../Drivers/STM32F4xx_HAL_Driver/Inc -I../Drivers/STM32F4xx_HAL_Driver/Inc/Legacy -I../Drivers/CMSIS/Device/ST/STM32F4xx/Include -I../Drivers/CMSIS/Include -I../Middlewares/Third_Party/FreeRTOS/Source/include -I../Middlewares/Third_Party/FreeRTOS/Source/CMSIS_RTOS_V2 -I../Middlewares/Third_Party/FreeRTOS/Source/portable/GCC/ARM_CM4F -O0 -ffunction-sections -fdata-sections -fno-exceptions -fno-rtti -fno-use-cxa-atexit -Wall -fstack-usage -MMD -MP -MF"Core/Src/main.d" -MT"Core/Src/main.o" --specs=nano.specs -mfpu=fpv4-sp-d16 -mfloat-abi=hard -mthumb -o "Core/Src/main.o"
arm-none-eabi-g++ -o "TechoLabPrj.elf" @"objects.list"   -mcpu=cortex-m4 -T"C:\Users\alexander\Desktop\TechnoLabProj\TechnoLabQuest\TechoLabPrj\STM32F446RETX_FLASH.ld" --specs=nosys.specs -Wl,-Map="TechoLabPrj.map" -Wl,--gc-sections -static --specs=nano.specs -mfpu=fpv4-sp-d16 -mfloat-abi=hard -mthumb -Wl,--start-group -lc -lm -lstdc++ -lsupc++ -Wl,--end-group
Finished building target: TechoLabPrj.elf
 
arm-none-eabi-size   TechoLabPrj.elf 
arm-none-eabi-objdump -h -S  TechoLabPrj.elf  > "TechoLabPrj.list"
   text	   data	    bss	    dec	    hex	filename
  30120	    144	  20688	  50952	   c708	TechoLabPrj.elf
Finished building: default.size.stdout
 
Finished building: TechoLabPrj.list
 
01:53:38 **** Incremental Build of configuration Debug for project TechoLabPrj ****
make -j6 all 
arm-none-eabi-g++ "../Core/Src/main.cpp" -mcpu=cortex-m4 -std=gnu++14 -g3 -DDEBUG -DUSE_HAL_DRIVER -DSTM32F446xx -c -I../Core/Inc -I../Drivers/STM32F4xx_HAL_Driver/Inc -I../Drivers/STM32F4xx_HAL_Driver/Inc/Legacy -I../Drivers/CMSIS/Device/ST/STM32F4xx/Include -I../Drivers/CMSIS/Include -I../Middlewares/Third_Party/FreeRTOS/Source/include -I../Middlewares/Third_Party/FreeRTOS/Source/CMSIS_RTOS_V2 -I../Middlewares/Third_Party/FreeRTOS/Source/portable/GCC/ARM_CM4F -O0 -ffunction-sections -fdata-sections -fno-exceptions -fno-rtti -fno-use-cxa-atexit -Wall -fstack-usage -MMD -MP -MF"Core/Src/main.d" -MT"Core/Src/main.o" --specs=nano.specs -mfpu=fpv4-sp-d16 -mfloat-abi=hard -mthumb -o "Core/Src/main.o"
../Core/Src/main.cpp: In function 'void sensorHandlerTask(void*)':
../Core/Src/main.cpp:423:30: error: 'adc_value' was not declared in this scope
  423 |    HAL_ADC_Start_DMA(&hadc1, adc_value, 1);
      |                              ^~~~~~~~~
../Core/Src/main.cpp:424:34: warning: format '%d' expects argument of type 'int', but argument 3 has type 'uint32_t' {aka 'long unsigned int'} [-Wformat=]
  424 |    sprintf(packet.result, "ADC: %d\n", packet.adc_value[0]);
      |                                 ~^     ~~~~~~~~~~~~~~~~~~~
      |                                  |                       |
      |                                  int                     uint32_t {aka long unsigned int}
      |                                 %ld
make: *** [Core/Src/subdir.mk:46: Core/Src/main.o] Error 1
"make -j6 all" terminated with exit code 2. Build might be incomplete.
01:53:53 **** Incremental Build of configuration Debug for project TechoLabPrj ****
make -j6 all 
arm-none-eabi-g++ "../Core/Src/main.cpp" -mcpu=cortex-m4 -std=gnu++14 -g3 -DDEBUG -DUSE_HAL_DRIVER -DSTM32F446xx -c -I../Core/Inc -I../Drivers/STM32F4xx_HAL_Driver/Inc -I../Drivers/STM32F4xx_HAL_Driver/Inc/Legacy -I../Drivers/CMSIS/Device/ST/STM32F4xx/Include -I../Drivers/CMSIS/Include -I../Middlewares/Third_Party/FreeRTOS/Source/include -I../Middlewares/Third_Party/FreeRTOS/Source/CMSIS_RTOS_V2 -I../Middlewares/Third_Party/FreeRTOS/Source/portable/GCC/ARM_CM4F -O0 -ffunction-sections -fdata-sections -fno-exceptions -fno-rtti -fno-use-cxa-atexit -Wall -fstack-usage -MMD -MP -MF"Core/Src/main.d" -MT"Core/Src/main.o" --specs=nano.specs -mfpu=fpv4-sp-d16 -mfloat-abi=hard -mthumb -o "Core/Src/main.o"
../Core/Src/main.cpp: In function 'void sensorHandlerTask(void*)':
../Core/Src/main.cpp:424:34: warning: format '%d' expects argument of type 'int', but argument 3 has type 'uint32_t' {aka 'long unsigned int'} [-Wformat=]
  424 |    sprintf(packet.result, "ADC: %d\n", packet.adc_value[0]);
      |                                 ~^     ~~~~~~~~~~~~~~~~~~~
      |                                  |                       |
      |                                  int                     uint32_t {aka long unsigned int}
      |                                 %ld
arm-none-eabi-g++ -o "TechoLabPrj.elf" @"objects.list"   -mcpu=cortex-m4 -T"C:\Users\alexander\Desktop\TechnoLabProj\TechnoLabQuest\TechoLabPrj\STM32F446RETX_FLASH.ld" --specs=nosys.specs -Wl,-Map="TechoLabPrj.map" -Wl,--gc-sections -static --specs=nano.specs -mfpu=fpv4-sp-d16 -mfloat-abi=hard -mthumb -Wl,--start-group -lc -lm -lstdc++ -lsupc++ -Wl,--end-group
Finished building target: TechoLabPrj.elf
 
arm-none-eabi-size   TechoLabPrj.elf 
arm-none-eabi-objdump -h -S  TechoLabPrj.elf  > "TechoLabPrj.list"
   text	   data	    bss	    dec	    hex	filename
  31316	    144	  20688	  52148	   cbb4	TechoLabPrj.elf
Finished building: default.size.stdout
 
Finished building: TechoLabPrj.list
 
01:55:05 **** Incremental Build of configuration Debug for project TechoLabPrj ****
make -j6 all 
arm-none-eabi-g++ "../Core/Src/main.cpp" -mcpu=cortex-m4 -std=gnu++14 -g3 -DDEBUG -DUSE_HAL_DRIVER -DSTM32F446xx -c -I../Core/Inc -I../Drivers/STM32F4xx_HAL_Driver/Inc -I../Drivers/STM32F4xx_HAL_Driver/Inc/Legacy -I../Drivers/CMSIS/Device/ST/STM32F4xx/Include -I../Drivers/CMSIS/Include -I../Middlewares/Third_Party/FreeRTOS/Source/include -I../Middlewares/Third_Party/FreeRTOS/Source/CMSIS_RTOS_V2 -I../Middlewares/Third_Party/FreeRTOS/Source/portable/GCC/ARM_CM4F -O0 -ffunction-sections -fdata-sections -fno-exceptions -fno-rtti -fno-use-cxa-atexit -Wall -fstack-usage -MMD -MP -MF"Core/Src/main.d" -MT"Core/Src/main.o" --specs=nano.specs -mfpu=fpv4-sp-d16 -mfloat-abi=hard -mthumb -o "Core/Src/main.o"
../Core/Src/main.cpp: In function 'void sensorHandlerTask(void*)':
../Core/Src/main.cpp:424:34: warning: format '%d' expects argument of type 'int', but argument 3 has type 'uint32_t' {aka 'long unsigned int'} [-Wformat=]
  424 |    sprintf(packet.result, "ADC: %d\n", packet.adc_value[0]);
      |                                 ~^     ~~~~~~~~~~~~~~~~~~~
      |                                  |                       |
      |                                  int                     uint32_t {aka long unsigned int}
      |                                 %ld
arm-none-eabi-g++ -o "TechoLabPrj.elf" @"objects.list"   -mcpu=cortex-m4 -T"C:\Users\alexander\Desktop\TechnoLabProj\TechnoLabQuest\TechoLabPrj\STM32F446RETX_FLASH.ld" --specs=nosys.specs -Wl,-Map="TechoLabPrj.map" -Wl,--gc-sections -static --specs=nano.specs -mfpu=fpv4-sp-d16 -mfloat-abi=hard -mthumb -Wl,--start-group -lc -lm -lstdc++ -lsupc++ -Wl,--end-group
Finished building target: TechoLabPrj.elf
 
arm-none-eabi-size   TechoLabPrj.elf 
arm-none-eabi-objdump -h -S  TechoLabPrj.elf  > "TechoLabPrj.list"
   text	   data	    bss	    dec	    hex	filename
  31348	    144	  20688	  52180	   cbd4	TechoLabPrj.elf
Finished building: default.size.stdout
 
Finished building: TechoLabPrj.list
 
01:55:15 **** Incremental Build of configuration Debug for project TechoLabPrj ****
make -j6 all 
arm-none-eabi-size   TechoLabPrj.elf 
   text	   data	    bss	    dec	    hex	filename
  31348	    144	  20688	  52180	   cbd4	TechoLabPrj.elf
Finished building: default.size.stdout
 
01:58:26 **** Incremental Build of configuration Debug for project TechoLabPrj ****
make -j6 all 
arm-none-eabi-g++ "../Core/Src/main.cpp" -mcpu=cortex-m4 -std=gnu++14 -g3 -DDEBUG -DUSE_HAL_DRIVER -DSTM32F446xx -c -I../Core/Inc -I../Drivers/STM32F4xx_HAL_Driver/Inc -I../Drivers/STM32F4xx_HAL_Driver/Inc/Legacy -I../Drivers/CMSIS/Device/ST/STM32F4xx/Include -I../Drivers/CMSIS/Include -I../Middlewares/Third_Party/FreeRTOS/Source/include -I../Middlewares/Third_Party/FreeRTOS/Source/CMSIS_RTOS_V2 -I../Middlewares/Third_Party/FreeRTOS/Source/portable/GCC/ARM_CM4F -O0 -ffunction-sections -fdata-sections -fno-exceptions -fno-rtti -fno-use-cxa-atexit -Wall -fstack-usage -MMD -MP -MF"Core/Src/main.d" -MT"Core/Src/main.o" --specs=nano.specs -mfpu=fpv4-sp-d16 -mfloat-abi=hard -mthumb -o "Core/Src/main.o"
../Core/Src/main.cpp: In function 'void sensorHandlerTask(void*)':
../Core/Src/main.cpp:424:63: error: 'adc_value' was not declared in this scope
  424 |    sprintf(packet.result, "ADC: %d\n", static_cast<uint16_t> (adc_value[0]));
      |                                                               ^~~~~~~~~
make: *** [Core/Src/subdir.mk:46: Core/Src/main.o] Error 1
"make -j6 all" terminated with exit code 2. Build might be incomplete.
01:59:24 **** Incremental Build of configuration Debug for project TechoLabPrj ****
make -j6 all 
arm-none-eabi-g++ "../Core/Src/main.cpp" -mcpu=cortex-m4 -std=gnu++14 -g3 -DDEBUG -DUSE_HAL_DRIVER -DSTM32F446xx -c -I../Core/Inc -I../Drivers/STM32F4xx_HAL_Driver/Inc -I../Drivers/STM32F4xx_HAL_Driver/Inc/Legacy -I../Drivers/CMSIS/Device/ST/STM32F4xx/Include -I../Drivers/CMSIS/Include -I../Middlewares/Third_Party/FreeRTOS/Source/include -I../Middlewares/Third_Party/FreeRTOS/Source/CMSIS_RTOS_V2 -I../Middlewares/Third_Party/FreeRTOS/Source/portable/GCC/ARM_CM4F -O0 -ffunction-sections -fdata-sections -fno-exceptions -fno-rtti -fno-use-cxa-atexit -Wall -fstack-usage -MMD -MP -MF"Core/Src/main.d" -MT"Core/Src/main.o" --specs=nano.specs -mfpu=fpv4-sp-d16 -mfloat-abi=hard -mthumb -o "Core/Src/main.o"
arm-none-eabi-g++ -o "TechoLabPrj.elf" @"objects.list"   -mcpu=cortex-m4 -T"C:\Users\alexander\Desktop\TechnoLabProj\TechnoLabQuest\TechoLabPrj\STM32F446RETX_FLASH.ld" --specs=nosys.specs -Wl,-Map="TechoLabPrj.map" -Wl,--gc-sections -static --specs=nano.specs -mfpu=fpv4-sp-d16 -mfloat-abi=hard -mthumb -Wl,--start-group -lc -lm -lstdc++ -lsupc++ -Wl,--end-group
Finished building target: TechoLabPrj.elf
 
arm-none-eabi-size   TechoLabPrj.elf 
arm-none-eabi-objdump -h -S  TechoLabPrj.elf  > "TechoLabPrj.list"
   text	   data	    bss	    dec	    hex	filename
  31348	    144	  20688	  52180	   cbd4	TechoLabPrj.elf
Finished building: default.size.stdout
 
Finished building: TechoLabPrj.list
 
01:59:32 **** Incremental Build of configuration Debug for project TechoLabPrj ****
make -j6 all 
arm-none-eabi-size   TechoLabPrj.elf 
   text	   data	    bss	    dec	    hex	filename
  31348	    144	  20688	  52180	   cbd4	TechoLabPrj.elf
Finished building: default.size.stdout
 
12:22:17 **** Incremental Build of configuration Debug for project TechoLabPrj ****
make -j6 all 
arm-none-eabi-g++ "../Core/Src/main.cpp" -mcpu=cortex-m4 -std=gnu++14 -g3 -DDEBUG -DUSE_HAL_DRIVER -DSTM32F446xx -c -I../Core/Inc -I../Drivers/STM32F4xx_HAL_Driver/Inc -I../Drivers/STM32F4xx_HAL_Driver/Inc/Legacy -I../Drivers/CMSIS/Device/ST/STM32F4xx/Include -I../Drivers/CMSIS/Include -I../Middlewares/Third_Party/FreeRTOS/Source/include -I../Middlewares/Third_Party/FreeRTOS/Source/CMSIS_RTOS_V2 -I../Middlewares/Third_Party/FreeRTOS/Source/portable/GCC/ARM_CM4F -O0 -ffunction-sections -fdata-sections -fno-exceptions -fno-rtti -fno-use-cxa-atexit -Wall -fstack-usage -MMD -MP -MF"Core/Src/main.d" -MT"Core/Src/main.o" --specs=nano.specs -mfpu=fpv4-sp-d16 -mfloat-abi=hard -mthumb -o "Core/Src/main.o"
../Core/Src/main.cpp:35:22: error: 'NUM_OF_ADC' was not declared in this scope
   35 |   uint32_t adc_value[NUM_OF_ADC];
      |                      ^~~~~~~~~~
../Core/Src/main.cpp:35:22: note: the macro 'NUM_OF_ADC' had not yet been defined
../Core/Src/main.cpp:43: note: it was later defined here
   43 | #define NUM_OF_ADC 1
      | 
../Core/Src/main.cpp: In function 'void sensorHandlerTask(void*)':
../Core/Src/main.cpp:417:37: error: 'struct DataPacket' has no member named 'adc_value'
  417 |    HAL_ADC_Start_DMA(&hadc1, packet.adc_value, 1);
      |                                     ^~~~~~~~~
../Core/Src/main.cpp:418:19: error: 'struct DataPacket' has no member named 'result'
  418 |    sprintf(packet.result, "ADC: %d\n", static_cast<uint16_t> (packet.adc_value[0]));
      |                   ^~~~~~
../Core/Src/main.cpp:418:70: error: 'struct DataPacket' has no member named 'adc_value'
  418 |    sprintf(packet.result, "ADC: %d\n", static_cast<uint16_t> (packet.adc_value[0]));
      |                                                                      ^~~~~~~~~
../Core/Src/main.cpp: In function 'void transmitDataTask(void*)':
../Core/Src/main.cpp:441:49: error: 'struct DataPacket' has no member named 'result'
  441 |     HAL_UART_Transmit(&huart2, (uint8_t*)packet.result, strlen(packet.result), 0xFF);
      |                                                 ^~~~~~
../Core/Src/main.cpp:441:71: error: 'struct DataPacket' has no member named 'result'
  441 |     HAL_UART_Transmit(&huart2, (uint8_t*)packet.result, strlen(packet.result), 0xFF);
      |                                                                       ^~~~~~
make: *** [Core/Src/subdir.mk:46: Core/Src/main.o] Error 1
"make -j6 all" terminated with exit code 2. Build might be incomplete.
12:23:20 **** Incremental Build of configuration Debug for project TechoLabPrj ****
make -j6 all 
arm-none-eabi-g++ "../Core/Src/main.cpp" -mcpu=cortex-m4 -std=gnu++14 -g3 -DDEBUG -DUSE_HAL_DRIVER -DSTM32F446xx -c -I../Core/Inc -I../Drivers/STM32F4xx_HAL_Driver/Inc -I../Drivers/STM32F4xx_HAL_Driver/Inc/Legacy -I../Drivers/CMSIS/Device/ST/STM32F4xx/Include -I../Drivers/CMSIS/Include -I../Middlewares/Third_Party/FreeRTOS/Source/include -I../Middlewares/Third_Party/FreeRTOS/Source/CMSIS_RTOS_V2 -I../Middlewares/Third_Party/FreeRTOS/Source/portable/GCC/ARM_CM4F -O0 -ffunction-sections -fdata-sections -fno-exceptions -fno-rtti -fno-use-cxa-atexit -Wall -fstack-usage -MMD -MP -MF"Core/Src/main.d" -MT"Core/Src/main.o" --specs=nano.specs -mfpu=fpv4-sp-d16 -mfloat-abi=hard -mthumb -o "Core/Src/main.o"
../Core/Src/main.cpp: In function 'void sensorHandlerTask(void*)':
../Core/Src/main.cpp:420:19: error: 'struct DataPacket' has no member named 'result'
  420 |    sprintf(packet.result, "ADC: %d\n", static_cast<uint16_t> (packet.adc_value[0]));
      |                   ^~~~~~
../Core/Src/main.cpp: In function 'void transmitDataTask(void*)':
../Core/Src/main.cpp:443:49: error: 'struct DataPacket' has no member named 'result'
  443 |     HAL_UART_Transmit(&huart2, (uint8_t*)packet.result, strlen(packet.result), 0xFF);
      |                                                 ^~~~~~
../Core/Src/main.cpp:443:71: error: 'struct DataPacket' has no member named 'result'
  443 |     HAL_UART_Transmit(&huart2, (uint8_t*)packet.result, strlen(packet.result), 0xFF);
      |                                                                       ^~~~~~
make: *** [Core/Src/subdir.mk:46: Core/Src/main.o] Error 1
"make -j6 all" terminated with exit code 2. Build might be incomplete.
12:24:03 **** Incremental Build of configuration Debug for project TechoLabPrj ****
make -j6 all 
arm-none-eabi-g++ "../Core/Src/main.cpp" -mcpu=cortex-m4 -std=gnu++14 -g3 -DDEBUG -DUSE_HAL_DRIVER -DSTM32F446xx -c -I../Core/Inc -I../Drivers/STM32F4xx_HAL_Driver/Inc -I../Drivers/STM32F4xx_HAL_Driver/Inc/Legacy -I../Drivers/CMSIS/Device/ST/STM32F4xx/Include -I../Drivers/CMSIS/Include -I../Middlewares/Third_Party/FreeRTOS/Source/include -I../Middlewares/Third_Party/FreeRTOS/Source/CMSIS_RTOS_V2 -I../Middlewares/Third_Party/FreeRTOS/Source/portable/GCC/ARM_CM4F -O0 -ffunction-sections -fdata-sections -fno-exceptions -fno-rtti -fno-use-cxa-atexit -Wall -fstack-usage -MMD -MP -MF"Core/Src/main.d" -MT"Core/Src/main.o" --specs=nano.specs -mfpu=fpv4-sp-d16 -mfloat-abi=hard -mthumb -o "Core/Src/main.o"
../Core/Src/main.cpp: In function 'void transmitDataTask(void*)':
../Core/Src/main.cpp:443:49: error: 'struct DataPacket' has no member named 'result'
  443 |     HAL_UART_Transmit(&huart2, (uint8_t*)packet.result, strlen(packet.result), 0xFF);
      |                                                 ^~~~~~
../Core/Src/main.cpp:443:71: error: 'struct DataPacket' has no member named 'result'
  443 |     HAL_UART_Transmit(&huart2, (uint8_t*)packet.result, strlen(packet.result), 0xFF);
      |                                                                       ^~~~~~
make: *** [Core/Src/subdir.mk:46: Core/Src/main.o] Error 1
"make -j6 all" terminated with exit code 2. Build might be incomplete.
12:24:17 **** Incremental Build of configuration Debug for project TechoLabPrj ****
make -j6 all 
arm-none-eabi-g++ "../Core/Src/main.cpp" -mcpu=cortex-m4 -std=gnu++14 -g3 -DDEBUG -DUSE_HAL_DRIVER -DSTM32F446xx -c -I../Core/Inc -I../Drivers/STM32F4xx_HAL_Driver/Inc -I../Drivers/STM32F4xx_HAL_Driver/Inc/Legacy -I../Drivers/CMSIS/Device/ST/STM32F4xx/Include -I../Drivers/CMSIS/Include -I../Middlewares/Third_Party/FreeRTOS/Source/include -I../Middlewares/Third_Party/FreeRTOS/Source/CMSIS_RTOS_V2 -I../Middlewares/Third_Party/FreeRTOS/Source/portable/GCC/ARM_CM4F -O0 -ffunction-sections -fdata-sections -fno-exceptions -fno-rtti -fno-use-cxa-atexit -Wall -fstack-usage -MMD -MP -MF"Core/Src/main.d" -MT"Core/Src/main.o" --specs=nano.specs -mfpu=fpv4-sp-d16 -mfloat-abi=hard -mthumb -o "Core/Src/main.o"
../Core/Src/main.cpp: In function 'void transmitDataTask(void*)':
../Core/Src/main.cpp:443:49: error: 'struct DataPacket' has no member named 'result'
  443 |     HAL_UART_Transmit(&huart2, (uint8_t*)packet.result, strlen(packet.ADCData), 0xFF);
      |                                                 ^~~~~~
make: *** [Core/Src/subdir.mk:46: Core/Src/main.o] Error 1
"make -j6 all" terminated with exit code 2. Build might be incomplete.
12:24:28 **** Incremental Build of configuration Debug for project TechoLabPrj ****
make -j6 all 
arm-none-eabi-g++ "../Core/Src/main.cpp" -mcpu=cortex-m4 -std=gnu++14 -g3 -DDEBUG -DUSE_HAL_DRIVER -DSTM32F446xx -c -I../Core/Inc -I../Drivers/STM32F4xx_HAL_Driver/Inc -I../Drivers/STM32F4xx_HAL_Driver/Inc/Legacy -I../Drivers/CMSIS/Device/ST/STM32F4xx/Include -I../Drivers/CMSIS/Include -I../Middlewares/Third_Party/FreeRTOS/Source/include -I../Middlewares/Third_Party/FreeRTOS/Source/CMSIS_RTOS_V2 -I../Middlewares/Third_Party/FreeRTOS/Source/portable/GCC/ARM_CM4F -O0 -ffunction-sections -fdata-sections -fno-exceptions -fno-rtti -fno-use-cxa-atexit -Wall -fstack-usage -MMD -MP -MF"Core/Src/main.d" -MT"Core/Src/main.o" --specs=nano.specs -mfpu=fpv4-sp-d16 -mfloat-abi=hard -mthumb -o "Core/Src/main.o"
arm-none-eabi-g++ -o "TechoLabPrj.elf" @"objects.list"   -mcpu=cortex-m4 -T"C:\Users\alexander\Desktop\TechnoLabProj\TechnoLabQuest\TechoLabPrj\STM32F446RETX_FLASH.ld" --specs=nosys.specs -Wl,-Map="TechoLabPrj.map" -Wl,--gc-sections -static --specs=nano.specs -mfpu=fpv4-sp-d16 -mfloat-abi=hard -mthumb -Wl,--start-group -lc -lm -lstdc++ -lsupc++ -Wl,--end-group
Finished building target: TechoLabPrj.elf
 
arm-none-eabi-size   TechoLabPrj.elf 
arm-none-eabi-objdump -h -S  TechoLabPrj.elf  > "TechoLabPrj.list"
   text	   data	    bss	    dec	    hex	filename
  31332	    144	  20688	  52164	   cbc4	TechoLabPrj.elf
Finished building: default.size.stdout
 
Finished building: TechoLabPrj.list
 
12:29:22 **** Incremental Build of configuration Debug for project TechoLabPrj ****
make -j6 all 
arm-none-eabi-size   TechoLabPrj.elf 
   text	   data	    bss	    dec	    hex	filename
  31332	    144	  20688	  52164	   cbc4	TechoLabPrj.elf
Finished building: default.size.stdout
 
12:39:45 **** Incremental Build of configuration Debug for project TechoLabPrj ****
make -j6 all 
arm-none-eabi-g++ "../Core/Src/main.cpp" -mcpu=cortex-m4 -std=gnu++14 -g3 -DDEBUG -DUSE_HAL_DRIVER -DSTM32F446xx -c -I../Core/Inc -I../Drivers/STM32F4xx_HAL_Driver/Inc -I../Drivers/STM32F4xx_HAL_Driver/Inc/Legacy -I../Drivers/CMSIS/Device/ST/STM32F4xx/Include -I../Drivers/CMSIS/Include -I../Middlewares/Third_Party/FreeRTOS/Source/include -I../Middlewares/Third_Party/FreeRTOS/Source/CMSIS_RTOS_V2 -I../Middlewares/Third_Party/FreeRTOS/Source/portable/GCC/ARM_CM4F -O0 -ffunction-sections -fdata-sections -fno-exceptions -fno-rtti -fno-use-cxa-atexit -Wall -fstack-usage -MMD -MP -MF"Core/Src/main.d" -MT"Core/Src/main.o" --specs=nano.specs -mfpu=fpv4-sp-d16 -mfloat-abi=hard -mthumb -o "Core/Src/main.o"
arm-none-eabi-g++ "../Core/Modules/Button/button.cpp" -mcpu=cortex-m4 -std=gnu++14 -g3 -DDEBUG -DUSE_HAL_DRIVER -DSTM32F446xx -c -I../Core/Inc -I../Drivers/STM32F4xx_HAL_Driver/Inc -I../Drivers/STM32F4xx_HAL_Driver/Inc/Legacy -I../Drivers/CMSIS/Device/ST/STM32F4xx/Include -I../Drivers/CMSIS/Include -I../Middlewares/Third_Party/FreeRTOS/Source/include -I../Middlewares/Third_Party/FreeRTOS/Source/CMSIS_RTOS_V2 -I../Middlewares/Third_Party/FreeRTOS/Source/portable/GCC/ARM_CM4F -O0 -ffunction-sections -fdata-sections -fno-exceptions -fno-rtti -fno-use-cxa-atexit -Wall -fstack-usage -MMD -MP -MF"Core/Modules/Button/button.d" -MT"Core/Modules/Button/button.o" --specs=nano.specs -mfpu=fpv4-sp-d16 -mfloat-abi=hard -mthumb -o "Core/Modules/Button/button.o"
../Core/Modules/Button/button.cpp:10:16: error: definition of implicitly-declared 'constexpr Button::Button()'
   10 | Button::Button() {
      |                ^
../Core/Modules/Button/button.cpp:15:17: error: definition of implicitly-declared 'Button::~Button()'
   15 | Button::~Button() {
      |                 ^
make: *** [Core/Modules/Button/subdir.mk:19: Core/Modules/Button/button.o] Error 1
make: *** Waiting for unfinished jobs....
"make -j6 all" terminated with exit code 2. Build might be incomplete.
12:39:53 **** Incremental Build of configuration Debug for project TechoLabPrj ****
make -j6 all 
arm-none-eabi-g++ "../Core/Modules/Button/button.cpp" -mcpu=cortex-m4 -std=gnu++14 -g3 -DDEBUG -DUSE_HAL_DRIVER -DSTM32F446xx -c -I../Core/Inc -I../Drivers/STM32F4xx_HAL_Driver/Inc -I../Drivers/STM32F4xx_HAL_Driver/Inc/Legacy -I../Drivers/CMSIS/Device/ST/STM32F4xx/Include -I../Drivers/CMSIS/Include -I../Middlewares/Third_Party/FreeRTOS/Source/include -I../Middlewares/Third_Party/FreeRTOS/Source/CMSIS_RTOS_V2 -I../Middlewares/Third_Party/FreeRTOS/Source/portable/GCC/ARM_CM4F -O0 -ffunction-sections -fdata-sections -fno-exceptions -fno-rtti -fno-use-cxa-atexit -Wall -fstack-usage -MMD -MP -MF"Core/Modules/Button/button.d" -MT"Core/Modules/Button/button.o" --specs=nano.specs -mfpu=fpv4-sp-d16 -mfloat-abi=hard -mthumb -o "Core/Modules/Button/button.o"
arm-none-eabi-g++ -o "TechoLabPrj.elf" @"objects.list"   -mcpu=cortex-m4 -T"C:\Users\alexander\Desktop\TechnoLabProj\TechnoLabQuest\TechoLabPrj\STM32F446RETX_FLASH.ld" --specs=nosys.specs -Wl,-Map="TechoLabPrj.map" -Wl,--gc-sections -static --specs=nano.specs -mfpu=fpv4-sp-d16 -mfloat-abi=hard -mthumb -Wl,--start-group -lc -lm -lstdc++ -lsupc++ -Wl,--end-group
Finished building target: TechoLabPrj.elf
 
arm-none-eabi-size   TechoLabPrj.elf 
arm-none-eabi-objdump -h -S  TechoLabPrj.elf  > "TechoLabPrj.list"
   text	   data	    bss	    dec	    hex	filename
  31348	    144	  20688	  52180	   cbd4	TechoLabPrj.elf
Finished building: default.size.stdout
 
Finished building: TechoLabPrj.list
 
12:52:02 **** Incremental Build of configuration Debug for project TechoLabPrj ****
make -j6 all 
arm-none-eabi-g++ "../Core/Modules/Button/button.cpp" -mcpu=cortex-m4 -std=gnu++14 -g3 -DDEBUG -DUSE_HAL_DRIVER -DSTM32F446xx -c -I../Core/Inc -I../Drivers/STM32F4xx_HAL_Driver/Inc -I../Drivers/STM32F4xx_HAL_Driver/Inc/Legacy -I../Drivers/CMSIS/Device/ST/STM32F4xx/Include -I../Drivers/CMSIS/Include -I../Middlewares/Third_Party/FreeRTOS/Source/include -I../Middlewares/Third_Party/FreeRTOS/Source/CMSIS_RTOS_V2 -I../Middlewares/Third_Party/FreeRTOS/Source/portable/GCC/ARM_CM4F -O0 -ffunction-sections -fdata-sections -fno-exceptions -fno-rtti -fno-use-cxa-atexit -Wall -fstack-usage -MMD -MP -MF"Core/Modules/Button/button.d" -MT"Core/Modules/Button/button.o" --specs=nano.specs -mfpu=fpv4-sp-d16 -mfloat-abi=hard -mthumb -o "Core/Modules/Button/button.o"
arm-none-eabi-g++ -o "TechoLabPrj.elf" @"objects.list"   -mcpu=cortex-m4 -T"C:\Users\alexander\Desktop\TechnoLabProj\TechnoLabQuest\TechoLabPrj\STM32F446RETX_FLASH.ld" --specs=nosys.specs -Wl,-Map="TechoLabPrj.map" -Wl,--gc-sections -static --specs=nano.specs -mfpu=fpv4-sp-d16 -mfloat-abi=hard -mthumb -Wl,--start-group -lc -lm -lstdc++ -lsupc++ -Wl,--end-group
Finished building target: TechoLabPrj.elf
 
arm-none-eabi-size   TechoLabPrj.elf 
arm-none-eabi-objdump -h -S  TechoLabPrj.elf  > "TechoLabPrj.list"
   text	   data	    bss	    dec	    hex	filename
  31348	    144	  20688	  52180	   cbd4	TechoLabPrj.elf
Finished building: default.size.stdout
 
Finished building: TechoLabPrj.list
 
13:05:52 **** Incremental Build of configuration Debug for project TechoLabPrj ****
make -j6 all 
arm-none-eabi-g++ "../Core/Modules/Button/button.cpp" -mcpu=cortex-m4 -std=gnu++14 -g3 -DDEBUG -DUSE_HAL_DRIVER -DSTM32F446xx -c -I../Core/Inc -I../Drivers/STM32F4xx_HAL_Driver/Inc -I../Drivers/STM32F4xx_HAL_Driver/Inc/Legacy -I../Drivers/CMSIS/Device/ST/STM32F4xx/Include -I../Drivers/CMSIS/Include -I../Middlewares/Third_Party/FreeRTOS/Source/include -I../Middlewares/Third_Party/FreeRTOS/Source/CMSIS_RTOS_V2 -I../Middlewares/Third_Party/FreeRTOS/Source/portable/GCC/ARM_CM4F -O0 -ffunction-sections -fdata-sections -fno-exceptions -fno-rtti -fno-use-cxa-atexit -Wall -fstack-usage -MMD -MP -MF"Core/Modules/Button/button.d" -MT"Core/Modules/Button/button.o" --specs=nano.specs -mfpu=fpv4-sp-d16 -mfloat-abi=hard -mthumb -o "Core/Modules/Button/button.o"
In file included from ../Core/Modules/Button/button.cpp:8:
../Core/Modules/Button/button.h:28:19: error: ISO C++ forbids in-class initialization of non-const static member 'Button::last_interrupt_time'
   28 |   static uint32_t last_interrupt_time = 0;
      |                   ^~~~~~~~~~~~~~~~~~~
../Core/Modules/Button/button.h:21:9: error: flexible array member 'Button::ButtonEvent::butpressed' not at end of 'struct Button::ButtonEvent'
   21 |    char butpressed[] = "Button pressed\n";
      |         ^~~~~~~~~~
../Core/Modules/Button/button.h:21:9: error: initializer for flexible array member 'char Button::ButtonEvent::butpressed []'
../Core/Modules/Button/button.h:22:9: error: initializer for flexible array member 'char Button::ButtonEvent::butheld []'
   22 |    char butheld[] = "Button held for 5 seconds\n";
      |         ^~~~~~~
../Core/Modules/Button/button.h:23:9: error: initializer for flexible array member 'char Button::ButtonEvent::butreleased []'
   23 |    char butreleased[] = "Button released\n";
      |         ^~~~~~~~~~~
make: *** [Core/Modules/Button/subdir.mk:19: Core/Modules/Button/button.o] Error 1
"make -j6 all" terminated with exit code 2. Build might be incomplete.
13:06:10 **** Incremental Build of configuration Debug for project TechoLabPrj ****
make -j6 all 
arm-none-eabi-g++ "../Core/Modules/Button/button.cpp" -mcpu=cortex-m4 -std=gnu++14 -g3 -DDEBUG -DUSE_HAL_DRIVER -DSTM32F446xx -c -I../Core/Inc -I../Drivers/STM32F4xx_HAL_Driver/Inc -I../Drivers/STM32F4xx_HAL_Driver/Inc/Legacy -I../Drivers/CMSIS/Device/ST/STM32F4xx/Include -I../Drivers/CMSIS/Include -I../Middlewares/Third_Party/FreeRTOS/Source/include -I../Middlewares/Third_Party/FreeRTOS/Source/CMSIS_RTOS_V2 -I../Middlewares/Third_Party/FreeRTOS/Source/portable/GCC/ARM_CM4F -O0 -ffunction-sections -fdata-sections -fno-exceptions -fno-rtti -fno-use-cxa-atexit -Wall -fstack-usage -MMD -MP -MF"Core/Modules/Button/button.d" -MT"Core/Modules/Button/button.o" --specs=nano.specs -mfpu=fpv4-sp-d16 -mfloat-abi=hard -mthumb -o "Core/Modules/Button/button.o"
In file included from ../Core/Modules/Button/button.cpp:8:
../Core/Modules/Button/button.h:21:9: error: flexible array member 'Button::ButtonEvent::butpressed' not at end of 'struct Button::ButtonEvent'
   21 |    char butpressed[] = "Button pressed\n";
      |         ^~~~~~~~~~
../Core/Modules/Button/button.h:21:9: error: initializer for flexible array member 'char Button::ButtonEvent::butpressed []'
../Core/Modules/Button/button.h:22:9: error: initializer for flexible array member 'char Button::ButtonEvent::butheld []'
   22 |    char butheld[] = "Button held for 5 seconds\n";
      |         ^~~~~~~
../Core/Modules/Button/button.h:23:9: error: initializer for flexible array member 'char Button::ButtonEvent::butreleased []'
   23 |    char butreleased[] = "Button released\n";
      |         ^~~~~~~~~~~
make: *** [Core/Modules/Button/subdir.mk:19: Core/Modules/Button/button.o] Error 1
"make -j6 all" terminated with exit code 2. Build might be incomplete.
13:06:35 **** Incremental Build of configuration Debug for project TechoLabPrj ****
make -j6 all 
arm-none-eabi-g++ "../Core/Modules/Button/button.cpp" -mcpu=cortex-m4 -std=gnu++14 -g3 -DDEBUG -DUSE_HAL_DRIVER -DSTM32F446xx -c -I../Core/Inc -I../Drivers/STM32F4xx_HAL_Driver/Inc -I../Drivers/STM32F4xx_HAL_Driver/Inc/Legacy -I../Drivers/CMSIS/Device/ST/STM32F4xx/Include -I../Drivers/CMSIS/Include -I../Middlewares/Third_Party/FreeRTOS/Source/include -I../Middlewares/Third_Party/FreeRTOS/Source/CMSIS_RTOS_V2 -I../Middlewares/Third_Party/FreeRTOS/Source/portable/GCC/ARM_CM4F -O0 -ffunction-sections -fdata-sections -fno-exceptions -fno-rtti -fno-use-cxa-atexit -Wall -fstack-usage -MMD -MP -MF"Core/Modules/Button/button.d" -MT"Core/Modules/Button/button.o" --specs=nano.specs -mfpu=fpv4-sp-d16 -mfloat-abi=hard -mthumb -o "Core/Modules/Button/button.o"
In file included from ../Core/Modules/Button/button.cpp:8:
../Core/Modules/Button/button.h:22:9: error: flexible array member 'Button::ButtonEvent::butheld' not at end of 'struct Button::ButtonEvent'
   22 |    char butheld[] = "Button held for 5 seconds\n";
      |         ^~~~~~~
../Core/Modules/Button/button.h:21:22: error: invalid conversion from 'const char*' to 'char' [-fpermissive]
   21 |    char butpressed = "Button pressed\n";
      |                      ^~~~~~~~~~~~~~~~~~
      |                      |
      |                      const char*
../Core/Modules/Button/button.h:22:9: error: initializer for flexible array member 'char Button::ButtonEvent::butheld []'
   22 |    char butheld[] = "Button held for 5 seconds\n";
      |         ^~~~~~~
../Core/Modules/Button/button.h:23:9: error: initializer for flexible array member 'char Button::ButtonEvent::butreleased []'
   23 |    char butreleased[] = "Button released\n";
      |         ^~~~~~~~~~~
make: *** [Core/Modules/Button/subdir.mk:19: Core/Modules/Button/button.o] Error 1
"make -j6 all" terminated with exit code 2. Build might be incomplete.
13:06:58 **** Incremental Build of configuration Debug for project TechoLabPrj ****
make -j6 all 
arm-none-eabi-g++ "../Core/Modules/Button/button.cpp" -mcpu=cortex-m4 -std=gnu++14 -g3 -DDEBUG -DUSE_HAL_DRIVER -DSTM32F446xx -c -I../Core/Inc -I../Drivers/STM32F4xx_HAL_Driver/Inc -I../Drivers/STM32F4xx_HAL_Driver/Inc/Legacy -I../Drivers/CMSIS/Device/ST/STM32F4xx/Include -I../Drivers/CMSIS/Include -I../Middlewares/Third_Party/FreeRTOS/Source/include -I../Middlewares/Third_Party/FreeRTOS/Source/CMSIS_RTOS_V2 -I../Middlewares/Third_Party/FreeRTOS/Source/portable/GCC/ARM_CM4F -O0 -ffunction-sections -fdata-sections -fno-exceptions -fno-rtti -fno-use-cxa-atexit -Wall -fstack-usage -MMD -MP -MF"Core/Modules/Button/button.d" -MT"Core/Modules/Button/button.o" --specs=nano.specs -mfpu=fpv4-sp-d16 -mfloat-abi=hard -mthumb -o "Core/Modules/Button/button.o"
In file included from ../Core/Modules/Button/button.cpp:8:
../Core/Modules/Button/button.h:22:9: error: flexible array member 'Button::ButtonEvent::butheld' not at end of 'struct Button::ButtonEvent'
   22 |    char butheld[] = "Button held for 5 seconds\n";
      |         ^~~~~~~
../Core/Modules/Button/button.h:21:26: error: initializer-string for 'char [15]' is too long [-fpermissive]
   21 |    char butpressed[15] = "Button pressed\n";
      |                          ^~~~~~~~~~~~~~~~~~
../Core/Modules/Button/button.h:22:9: error: initializer for flexible array member 'char Button::ButtonEvent::butheld []'
   22 |    char butheld[] = "Button held for 5 seconds\n";
      |         ^~~~~~~
../Core/Modules/Button/button.h:23:9: error: initializer for flexible array member 'char Button::ButtonEvent::butreleased []'
   23 |    char butreleased[] = "Button released\n";
      |         ^~~~~~~~~~~
make: *** [Core/Modules/Button/subdir.mk:19: Core/Modules/Button/button.o] Error 1
"make -j6 all" terminated with exit code 2. Build might be incomplete.
13:07:06 **** Incremental Build of configuration Debug for project TechoLabPrj ****
make -j6 all 
arm-none-eabi-g++ "../Core/Modules/Button/button.cpp" -mcpu=cortex-m4 -std=gnu++14 -g3 -DDEBUG -DUSE_HAL_DRIVER -DSTM32F446xx -c -I../Core/Inc -I../Drivers/STM32F4xx_HAL_Driver/Inc -I../Drivers/STM32F4xx_HAL_Driver/Inc/Legacy -I../Drivers/CMSIS/Device/ST/STM32F4xx/Include -I../Drivers/CMSIS/Include -I../Middlewares/Third_Party/FreeRTOS/Source/include -I../Middlewares/Third_Party/FreeRTOS/Source/CMSIS_RTOS_V2 -I../Middlewares/Third_Party/FreeRTOS/Source/portable/GCC/ARM_CM4F -O0 -ffunction-sections -fdata-sections -fno-exceptions -fno-rtti -fno-use-cxa-atexit -Wall -fstack-usage -MMD -MP -MF"Core/Modules/Button/button.d" -MT"Core/Modules/Button/button.o" --specs=nano.specs -mfpu=fpv4-sp-d16 -mfloat-abi=hard -mthumb -o "Core/Modules/Button/button.o"
In file included from ../Core/Modules/Button/button.cpp:8:
../Core/Modules/Button/button.h:22:9: error: flexible array member 'Button::ButtonEvent::butheld' not at end of 'struct Button::ButtonEvent'
   22 |    char butheld[] = "Button held for 5 seconds\n";
      |         ^~~~~~~
../Core/Modules/Button/button.h:22:9: error: initializer for flexible array member 'char Button::ButtonEvent::butheld []'
../Core/Modules/Button/button.h:23:9: error: initializer for flexible array member 'char Button::ButtonEvent::butreleased []'
   23 |    char butreleased[] = "Button released\n";
      |         ^~~~~~~~~~~
make: *** [Core/Modules/Button/subdir.mk:19: Core/Modules/Button/button.o] Error 1
"make -j6 all" terminated with exit code 2. Build might be incomplete.
13:07:26 **** Incremental Build of configuration Debug for project TechoLabPrj ****
make -j6 all 
arm-none-eabi-g++ "../Core/Modules/Button/button.cpp" -mcpu=cortex-m4 -std=gnu++14 -g3 -DDEBUG -DUSE_HAL_DRIVER -DSTM32F446xx -c -I../Core/Inc -I../Drivers/STM32F4xx_HAL_Driver/Inc -I../Drivers/STM32F4xx_HAL_Driver/Inc/Legacy -I../Drivers/CMSIS/Device/ST/STM32F4xx/Include -I../Drivers/CMSIS/Include -I../Middlewares/Third_Party/FreeRTOS/Source/include -I../Middlewares/Third_Party/FreeRTOS/Source/CMSIS_RTOS_V2 -I../Middlewares/Third_Party/FreeRTOS/Source/portable/GCC/ARM_CM4F -O0 -ffunction-sections -fdata-sections -fno-exceptions -fno-rtti -fno-use-cxa-atexit -Wall -fstack-usage -MMD -MP -MF"Core/Modules/Button/button.d" -MT"Core/Modules/Button/button.o" --specs=nano.specs -mfpu=fpv4-sp-d16 -mfloat-abi=hard -mthumb -o "Core/Modules/Button/button.o"
In file included from ../Core/Modules/Button/button.cpp:8:
../Core/Modules/Button/button.h:22:23: error: initializer-string for 'char [26]' is too long [-fpermissive]
   22 |    char butheld[26] = "Button held for 5 seconds\n";
      |                       ^~~~~~~~~~~~~~~~~~~~~~~~~~~~~
../Core/Modules/Button/button.h:23:27: error: initializer-string for 'char [16]' is too long [-fpermissive]
   23 |    char butreleased[16] = "Button released\n";
      |                           ^~~~~~~~~~~~~~~~~~~
make: *** [Core/Modules/Button/subdir.mk:19: Core/Modules/Button/button.o] Error 1
"make -j6 all" terminated with exit code 2. Build might be incomplete.
13:07:33 **** Incremental Build of configuration Debug for project TechoLabPrj ****
make -j6 all 
arm-none-eabi-g++ "../Core/Modules/Button/button.cpp" -mcpu=cortex-m4 -std=gnu++14 -g3 -DDEBUG -DUSE_HAL_DRIVER -DSTM32F446xx -c -I../Core/Inc -I../Drivers/STM32F4xx_HAL_Driver/Inc -I../Drivers/STM32F4xx_HAL_Driver/Inc/Legacy -I../Drivers/CMSIS/Device/ST/STM32F4xx/Include -I../Drivers/CMSIS/Include -I../Middlewares/Third_Party/FreeRTOS/Source/include -I../Middlewares/Third_Party/FreeRTOS/Source/CMSIS_RTOS_V2 -I../Middlewares/Third_Party/FreeRTOS/Source/portable/GCC/ARM_CM4F -O0 -ffunction-sections -fdata-sections -fno-exceptions -fno-rtti -fno-use-cxa-atexit -Wall -fstack-usage -MMD -MP -MF"Core/Modules/Button/button.d" -MT"Core/Modules/Button/button.o" --specs=nano.specs -mfpu=fpv4-sp-d16 -mfloat-abi=hard -mthumb -o "Core/Modules/Button/button.o"
arm-none-eabi-g++ -o "TechoLabPrj.elf" @"objects.list"   -mcpu=cortex-m4 -T"C:\Users\alexander\Desktop\TechnoLabProj\TechnoLabQuest\TechoLabPrj\STM32F446RETX_FLASH.ld" --specs=nosys.specs -Wl,-Map="TechoLabPrj.map" -Wl,--gc-sections -static --specs=nano.specs -mfpu=fpv4-sp-d16 -mfloat-abi=hard -mthumb -Wl,--start-group -lc -lm -lstdc++ -lsupc++ -Wl,--end-group
Finished building target: TechoLabPrj.elf
 
arm-none-eabi-size   TechoLabPrj.elf 
arm-none-eabi-objdump -h -S  TechoLabPrj.elf  > "TechoLabPrj.list"
   text	   data	    bss	    dec	    hex	filename
  31348	    144	  20688	  52180	   cbd4	TechoLabPrj.elf
Finished building: default.size.stdout
 
Finished building: TechoLabPrj.list
 
13:13:01 **** Incremental Build of configuration Debug for project TechoLabPrj ****
make -j6 all 
arm-none-eabi-g++ "../Core/Modules/Button/button.cpp" -mcpu=cortex-m4 -std=gnu++14 -g3 -DDEBUG -DUSE_HAL_DRIVER -DSTM32F446xx -c -I../Core/Inc -I../Drivers/STM32F4xx_HAL_Driver/Inc -I../Drivers/STM32F4xx_HAL_Driver/Inc/Legacy -I../Drivers/CMSIS/Device/ST/STM32F4xx/Include -I../Drivers/CMSIS/Include -I../Middlewares/Third_Party/FreeRTOS/Source/include -I../Middlewares/Third_Party/FreeRTOS/Source/CMSIS_RTOS_V2 -I../Middlewares/Third_Party/FreeRTOS/Source/portable/GCC/ARM_CM4F -O0 -ffunction-sections -fdata-sections -fno-exceptions -fno-rtti -fno-use-cxa-atexit -Wall -fstack-usage -MMD -MP -MF"Core/Modules/Button/button.d" -MT"Core/Modules/Button/button.o" --specs=nano.specs -mfpu=fpv4-sp-d16 -mfloat-abi=hard -mthumb -o "Core/Modules/Button/button.o"
../Core/Modules/Button/button.cpp: In function 'void setLastState(uint8_t)':
../Core/Modules/Button/button.cpp:12:2: error: 'last_button_state' was not declared in this scope
   12 |  last_button_state = state;
      |  ^~~~~~~~~~~~~~~~~
../Core/Modules/Button/button.cpp: In function 'void setCurrentState(uint8_t)':
../Core/Modules/Button/button.cpp:16:2: error: 'current_button_state' was not declared in this scope
   16 |  current_button_state = state;
      |  ^~~~~~~~~~~~~~~~~~~~
make: *** [Core/Modules/Button/subdir.mk:19: Core/Modules/Button/button.o] Error 1
"make -j6 all" terminated with exit code 2. Build might be incomplete.
13:13:42 **** Incremental Build of configuration Debug for project TechoLabPrj ****
make -j6 all 
arm-none-eabi-g++ "../Core/Modules/Button/button.cpp" -mcpu=cortex-m4 -std=gnu++14 -g3 -DDEBUG -DUSE_HAL_DRIVER -DSTM32F446xx -c -I../Core/Inc -I../Drivers/STM32F4xx_HAL_Driver/Inc -I../Drivers/STM32F4xx_HAL_Driver/Inc/Legacy -I../Drivers/CMSIS/Device/ST/STM32F4xx/Include -I../Drivers/CMSIS/Include -I../Middlewares/Third_Party/FreeRTOS/Source/include -I../Middlewares/Third_Party/FreeRTOS/Source/CMSIS_RTOS_V2 -I../Middlewares/Third_Party/FreeRTOS/Source/portable/GCC/ARM_CM4F -O0 -ffunction-sections -fdata-sections -fno-exceptions -fno-rtti -fno-use-cxa-atexit -Wall -fstack-usage -MMD -MP -MF"Core/Modules/Button/button.d" -MT"Core/Modules/Button/button.o" --specs=nano.specs -mfpu=fpv4-sp-d16 -mfloat-abi=hard -mthumb -o "Core/Modules/Button/button.o"
../Core/Modules/Button/button.cpp: In function 'void setLastState(uint8_t)':
../Core/Modules/Button/button.cpp:12:2: error: invalid use of 'this' in non-member function
   12 |  this->last_button_state = state;
      |  ^~~~
../Core/Modules/Button/button.cpp: In function 'void setCurrentState(uint8_t)':
../Core/Modules/Button/button.cpp:16:2: error: 'current_button_state' was not declared in this scope
   16 |  current_button_state = state;
      |  ^~~~~~~~~~~~~~~~~~~~
make: *** [Core/Modules/Button/subdir.mk:19: Core/Modules/Button/button.o] Error 1
"make -j6 all" terminated with exit code 2. Build might be incomplete.
13:13:56 **** Incremental Build of configuration Debug for project TechoLabPrj ****
make -j6 all 
arm-none-eabi-g++ "../Core/Modules/Button/button.cpp" -mcpu=cortex-m4 -std=gnu++14 -g3 -DDEBUG -DUSE_HAL_DRIVER -DSTM32F446xx -c -I../Core/Inc -I../Drivers/STM32F4xx_HAL_Driver/Inc -I../Drivers/STM32F4xx_HAL_Driver/Inc/Legacy -I../Drivers/CMSIS/Device/ST/STM32F4xx/Include -I../Drivers/CMSIS/Include -I../Middlewares/Third_Party/FreeRTOS/Source/include -I../Middlewares/Third_Party/FreeRTOS/Source/CMSIS_RTOS_V2 -I../Middlewares/Third_Party/FreeRTOS/Source/portable/GCC/ARM_CM4F -O0 -ffunction-sections -fdata-sections -fno-exceptions -fno-rtti -fno-use-cxa-atexit -Wall -fstack-usage -MMD -MP -MF"Core/Modules/Button/button.d" -MT"Core/Modules/Button/button.o" --specs=nano.specs -mfpu=fpv4-sp-d16 -mfloat-abi=hard -mthumb -o "Core/Modules/Button/button.o"
../Core/Modules/Button/button.cpp: In function 'void setLastState(uint8_t)':
../Core/Modules/Button/button.cpp:12:10: error: 'uint8_t Button::last_button_state' is private within this context
   12 |  Button::last_button_state = state;
      |          ^~~~~~~~~~~~~~~~~
In file included from ../Core/Modules/Button/button.cpp:8:
../Core/Modules/Button/button.h:37:11: note: declared private here
   37 |   uint8_t last_button_state = PIN_RESET;
      |           ^~~~~~~~~~~~~~~~~
../Core/Modules/Button/button.cpp:12:10: error: invalid use of non-static data member 'Button::last_button_state'
   12 |  Button::last_button_state = state;
      |          ^~~~~~~~~~~~~~~~~
In file included from ../Core/Modules/Button/button.cpp:8:
../Core/Modules/Button/button.h:37:11: note: declared here
   37 |   uint8_t last_button_state = PIN_RESET;
      |           ^~~~~~~~~~~~~~~~~
../Core/Modules/Button/button.cpp: In function 'void setCurrentState(uint8_t)':
../Core/Modules/Button/button.cpp:16:2: error: 'current_button_state' was not declared in this scope
   16 |  current_button_state = state;
      |  ^~~~~~~~~~~~~~~~~~~~
make: *** [Core/Modules/Button/subdir.mk:19: Core/Modules/Button/button.o] Error 1
"make -j6 all" terminated with exit code 2. Build might be incomplete.
13:16:44 **** Incremental Build of configuration Debug for project TechoLabPrj ****
make -j6 all 
arm-none-eabi-g++ "../Core/Modules/Button/button.cpp" -mcpu=cortex-m4 -std=gnu++14 -g3 -DDEBUG -DUSE_HAL_DRIVER -DSTM32F446xx -c -I../Core/Inc -I../Drivers/STM32F4xx_HAL_Driver/Inc -I../Drivers/STM32F4xx_HAL_Driver/Inc/Legacy -I../Drivers/CMSIS/Device/ST/STM32F4xx/Include -I../Drivers/CMSIS/Include -I../Middlewares/Third_Party/FreeRTOS/Source/include -I../Middlewares/Third_Party/FreeRTOS/Source/CMSIS_RTOS_V2 -I../Middlewares/Third_Party/FreeRTOS/Source/portable/GCC/ARM_CM4F -O0 -ffunction-sections -fdata-sections -fno-exceptions -fno-rtti -fno-use-cxa-atexit -Wall -fstack-usage -MMD -MP -MF"Core/Modules/Button/button.d" -MT"Core/Modules/Button/button.o" --specs=nano.specs -mfpu=fpv4-sp-d16 -mfloat-abi=hard -mthumb -o "Core/Modules/Button/button.o"
../Core/Modules/Button/button.cpp: In function 'void setLastState(uint8_t)':
../Core/Modules/Button/button.cpp:12:10: error: 'uint8_t Button::last_button_state' is private within this context
   12 |  Button::last_button_state = state;
      |          ^~~~~~~~~~~~~~~~~
In file included from ../Core/Modules/Button/button.cpp:8:
../Core/Modules/Button/button.h:19:11: note: declared private here
   19 |   uint8_t last_button_state = PIN_RESET;
      |           ^~~~~~~~~~~~~~~~~
../Core/Modules/Button/button.cpp:12:10: error: invalid use of non-static data member 'Button::last_button_state'
   12 |  Button::last_button_state = state;
      |          ^~~~~~~~~~~~~~~~~
In file included from ../Core/Modules/Button/button.cpp:8:
../Core/Modules/Button/button.h:19:11: note: declared here
   19 |   uint8_t last_button_state = PIN_RESET;
      |           ^~~~~~~~~~~~~~~~~
../Core/Modules/Button/button.cpp: In function 'void setCurrentState(uint8_t)':
../Core/Modules/Button/button.cpp:16:2: error: 'current_button_state' was not declared in this scope
   16 |  current_button_state = state;
      |  ^~~~~~~~~~~~~~~~~~~~
make: *** [Core/Modules/Button/subdir.mk:19: Core/Modules/Button/button.o] Error 1
"make -j6 all" terminated with exit code 2. Build might be incomplete.
13:18:23 **** Incremental Build of configuration Debug for project TechoLabPrj ****
make -j6 all 
arm-none-eabi-g++ "../Core/Modules/Button/button.cpp" -mcpu=cortex-m4 -std=gnu++14 -g3 -DDEBUG -DUSE_HAL_DRIVER -DSTM32F446xx -c -I../Core/Inc -I../Drivers/STM32F4xx_HAL_Driver/Inc -I../Drivers/STM32F4xx_HAL_Driver/Inc/Legacy -I../Drivers/CMSIS/Device/ST/STM32F4xx/Include -I../Drivers/CMSIS/Include -I../Middlewares/Third_Party/FreeRTOS/Source/include -I../Middlewares/Third_Party/FreeRTOS/Source/CMSIS_RTOS_V2 -I../Middlewares/Third_Party/FreeRTOS/Source/portable/GCC/ARM_CM4F -O0 -ffunction-sections -fdata-sections -fno-exceptions -fno-rtti -fno-use-cxa-atexit -Wall -fstack-usage -MMD -MP -MF"Core/Modules/Button/button.d" -MT"Core/Modules/Button/button.o" --specs=nano.specs -mfpu=fpv4-sp-d16 -mfloat-abi=hard -mthumb -o "Core/Modules/Button/button.o"
../Core/Modules/Button/button.cpp: In function 'void setLastState(uint8_t)':
../Core/Modules/Button/button.cpp:12:10: error: 'uint8_t Button::last_button_state' is private within this context
   12 |  Button::last_button_state = state;
      |          ^~~~~~~~~~~~~~~~~
In file included from ../Core/Modules/Button/button.cpp:8:
../Core/Modules/Button/button.h:19:11: note: declared private here
   19 |   uint8_t last_button_state = PIN_RESET;
      |           ^~~~~~~~~~~~~~~~~
../Core/Modules/Button/button.cpp:12:10: error: invalid use of non-static data member 'Button::last_button_state'
   12 |  Button::last_button_state = state;
      |          ^~~~~~~~~~~~~~~~~
In file included from ../Core/Modules/Button/button.cpp:8:
../Core/Modules/Button/button.h:19:11: note: declared here
   19 |   uint8_t last_button_state = PIN_RESET;
      |           ^~~~~~~~~~~~~~~~~
../Core/Modules/Button/button.cpp: In function 'void setCurrentState(uint8_t)':
../Core/Modules/Button/button.cpp:16:2: error: 'current_button_state' was not declared in this scope
   16 |  current_button_state = state;
      |  ^~~~~~~~~~~~~~~~~~~~
make: *** [Core/Modules/Button/subdir.mk:19: Core/Modules/Button/button.o] Error 1
"make -j6 all" terminated with exit code 2. Build might be incomplete.
13:18:52 **** Incremental Build of configuration Debug for project TechoLabPrj ****
make -j6 all 
arm-none-eabi-g++ "../Core/Modules/Button/button.cpp" -mcpu=cortex-m4 -std=gnu++14 -g3 -DDEBUG -DUSE_HAL_DRIVER -DSTM32F446xx -c -I../Core/Inc -I../Drivers/STM32F4xx_HAL_Driver/Inc -I../Drivers/STM32F4xx_HAL_Driver/Inc/Legacy -I../Drivers/CMSIS/Device/ST/STM32F4xx/Include -I../Drivers/CMSIS/Include -I../Middlewares/Third_Party/FreeRTOS/Source/include -I../Middlewares/Third_Party/FreeRTOS/Source/CMSIS_RTOS_V2 -I../Middlewares/Third_Party/FreeRTOS/Source/portable/GCC/ARM_CM4F -O0 -ffunction-sections -fdata-sections -fno-exceptions -fno-rtti -fno-use-cxa-atexit -Wall -fstack-usage -MMD -MP -MF"Core/Modules/Button/button.d" -MT"Core/Modules/Button/button.o" --specs=nano.specs -mfpu=fpv4-sp-d16 -mfloat-abi=hard -mthumb -o "Core/Modules/Button/button.o"
arm-none-eabi-g++ -o "TechoLabPrj.elf" @"objects.list"   -mcpu=cortex-m4 -T"C:\Users\alexander\Desktop\TechnoLabProj\TechnoLabQuest\TechoLabPrj\STM32F446RETX_FLASH.ld" --specs=nosys.specs -Wl,-Map="TechoLabPrj.map" -Wl,--gc-sections -static --specs=nano.specs -mfpu=fpv4-sp-d16 -mfloat-abi=hard -mthumb -Wl,--start-group -lc -lm -lstdc++ -lsupc++ -Wl,--end-group
Finished building target: TechoLabPrj.elf
 
arm-none-eabi-size   TechoLabPrj.elf 
arm-none-eabi-objdump -h -S  TechoLabPrj.elf  > "TechoLabPrj.list"
   text	   data	    bss	    dec	    hex	filename
  31348	    144	  20688	  52180	   cbd4	TechoLabPrj.elf
Finished building: default.size.stdout
 
Finished building: TechoLabPrj.list
 
13:19:21 **** Incremental Build of configuration Debug for project TechoLabPrj ****
make -j6 all 
arm-none-eabi-g++ "../Core/Modules/Button/button.cpp" -mcpu=cortex-m4 -std=gnu++14 -g3 -DDEBUG -DUSE_HAL_DRIVER -DSTM32F446xx -c -I../Core/Inc -I../Drivers/STM32F4xx_HAL_Driver/Inc -I../Drivers/STM32F4xx_HAL_Driver/Inc/Legacy -I../Drivers/CMSIS/Device/ST/STM32F4xx/Include -I../Drivers/CMSIS/Include -I../Middlewares/Third_Party/FreeRTOS/Source/include -I../Middlewares/Third_Party/FreeRTOS/Source/CMSIS_RTOS_V2 -I../Middlewares/Third_Party/FreeRTOS/Source/portable/GCC/ARM_CM4F -O0 -ffunction-sections -fdata-sections -fno-exceptions -fno-rtti -fno-use-cxa-atexit -Wall -fstack-usage -MMD -MP -MF"Core/Modules/Button/button.d" -MT"Core/Modules/Button/button.o" --specs=nano.specs -mfpu=fpv4-sp-d16 -mfloat-abi=hard -mthumb -o "Core/Modules/Button/button.o"
arm-none-eabi-g++ -o "TechoLabPrj.elf" @"objects.list"   -mcpu=cortex-m4 -T"C:\Users\alexander\Desktop\TechnoLabProj\TechnoLabQuest\TechoLabPrj\STM32F446RETX_FLASH.ld" --specs=nosys.specs -Wl,-Map="TechoLabPrj.map" -Wl,--gc-sections -static --specs=nano.specs -mfpu=fpv4-sp-d16 -mfloat-abi=hard -mthumb -Wl,--start-group -lc -lm -lstdc++ -lsupc++ -Wl,--end-group
Finished building target: TechoLabPrj.elf
 
arm-none-eabi-size   TechoLabPrj.elf 
arm-none-eabi-objdump -h -S  TechoLabPrj.elf  > "TechoLabPrj.list"
   text	   data	    bss	    dec	    hex	filename
  31348	    144	  20688	  52180	   cbd4	TechoLabPrj.elf
Finished building: default.size.stdout
 
Finished building: TechoLabPrj.list
 
13:20:33 **** Incremental Build of configuration Debug for project TechoLabPrj ****
make -j6 all 
arm-none-eabi-g++ "../Core/Modules/Button/button.cpp" -mcpu=cortex-m4 -std=gnu++14 -g3 -DDEBUG -DUSE_HAL_DRIVER -DSTM32F446xx -c -I../Core/Inc -I../Drivers/STM32F4xx_HAL_Driver/Inc -I../Drivers/STM32F4xx_HAL_Driver/Inc/Legacy -I../Drivers/CMSIS/Device/ST/STM32F4xx/Include -I../Drivers/CMSIS/Include -I../Middlewares/Third_Party/FreeRTOS/Source/include -I../Middlewares/Third_Party/FreeRTOS/Source/CMSIS_RTOS_V2 -I../Middlewares/Third_Party/FreeRTOS/Source/portable/GCC/ARM_CM4F -O0 -ffunction-sections -fdata-sections -fno-exceptions -fno-rtti -fno-use-cxa-atexit -Wall -fstack-usage -MMD -MP -MF"Core/Modules/Button/button.d" -MT"Core/Modules/Button/button.o" --specs=nano.specs -mfpu=fpv4-sp-d16 -mfloat-abi=hard -mthumb -o "Core/Modules/Button/button.o"
arm-none-eabi-g++ -o "TechoLabPrj.elf" @"objects.list"   -mcpu=cortex-m4 -T"C:\Users\alexander\Desktop\TechnoLabProj\TechnoLabQuest\TechoLabPrj\STM32F446RETX_FLASH.ld" --specs=nosys.specs -Wl,-Map="TechoLabPrj.map" -Wl,--gc-sections -static --specs=nano.specs -mfpu=fpv4-sp-d16 -mfloat-abi=hard -mthumb -Wl,--start-group -lc -lm -lstdc++ -lsupc++ -Wl,--end-group
Finished building target: TechoLabPrj.elf
 
arm-none-eabi-size   TechoLabPrj.elf 
arm-none-eabi-objdump -h -S  TechoLabPrj.elf  > "TechoLabPrj.list"
   text	   data	    bss	    dec	    hex	filename
  31348	    144	  20688	  52180	   cbd4	TechoLabPrj.elf
Finished building: default.size.stdout
 
Finished building: TechoLabPrj.list
 
13:23:50 **** Incremental Build of configuration Debug for project TechoLabPrj ****
make -j6 all 
arm-none-eabi-g++ "../Core/Modules/Button/button.cpp" -mcpu=cortex-m4 -std=gnu++14 -g3 -DDEBUG -DUSE_HAL_DRIVER -DSTM32F446xx -c -I../Core/Inc -I../Drivers/STM32F4xx_HAL_Driver/Inc -I../Drivers/STM32F4xx_HAL_Driver/Inc/Legacy -I../Drivers/CMSIS/Device/ST/STM32F4xx/Include -I../Drivers/CMSIS/Include -I../Middlewares/Third_Party/FreeRTOS/Source/include -I../Middlewares/Third_Party/FreeRTOS/Source/CMSIS_RTOS_V2 -I../Middlewares/Third_Party/FreeRTOS/Source/portable/GCC/ARM_CM4F -O0 -ffunction-sections -fdata-sections -fno-exceptions -fno-rtti -fno-use-cxa-atexit -Wall -fstack-usage -MMD -MP -MF"Core/Modules/Button/button.d" -MT"Core/Modules/Button/button.o" --specs=nano.specs -mfpu=fpv4-sp-d16 -mfloat-abi=hard -mthumb -o "Core/Modules/Button/button.o"
../Core/Modules/Button/button.cpp: In function 'void getButtonEvent(uint8_t, uint8_t)':
../Core/Modules/Button/button.cpp:12:5: error: 'getCurrentState' was not declared in this scope
   12 |  if(getCurrentState() == GPIO_PIN_SET)
      |     ^~~~~~~~~~~~~~~
../Core/Modules/Button/button.cpp:12:26: error: 'GPIO_PIN_SET' was not declared in this scope
   12 |  if(getCurrentState() == GPIO_PIN_SET)
      |                          ^~~~~~~~~~~~
../Core/Modules/Button/button.cpp:13:1: error: expected primary-expression before '}' token
   13 | }
      | ^
make: *** [Core/Modules/Button/subdir.mk:19: Core/Modules/Button/button.o] Error 1
"make -j6 all" terminated with exit code 2. Build might be incomplete.
13:24:29 **** Incremental Build of configuration Debug for project TechoLabPrj ****
make -j6 all 
arm-none-eabi-g++ "../Core/Modules/Button/button.cpp" -mcpu=cortex-m4 -std=gnu++14 -g3 -DDEBUG -DUSE_HAL_DRIVER -DSTM32F446xx -c -I../Core/Inc -I../Drivers/STM32F4xx_HAL_Driver/Inc -I../Drivers/STM32F4xx_HAL_Driver/Inc/Legacy -I../Drivers/CMSIS/Device/ST/STM32F4xx/Include -I../Drivers/CMSIS/Include -I../Middlewares/Third_Party/FreeRTOS/Source/include -I../Middlewares/Third_Party/FreeRTOS/Source/CMSIS_RTOS_V2 -I../Middlewares/Third_Party/FreeRTOS/Source/portable/GCC/ARM_CM4F -O0 -ffunction-sections -fdata-sections -fno-exceptions -fno-rtti -fno-use-cxa-atexit -Wall -fstack-usage -MMD -MP -MF"Core/Modules/Button/button.d" -MT"Core/Modules/Button/button.o" --specs=nano.specs -mfpu=fpv4-sp-d16 -mfloat-abi=hard -mthumb -o "Core/Modules/Button/button.o"
../Core/Modules/Button/button.cpp: In function 'void getButtonEvent(uint8_t, uint8_t)':
../Core/Modules/Button/button.cpp:12:5: error: 'getCurrentState' was not declared in this scope
   12 |  if(getCurrentState() == GPIO_PIN_SET)
      |     ^~~~~~~~~~~~~~~
../Core/Modules/Button/button.cpp:13:1: error: expected primary-expression before '}' token
   13 | }
      | ^
make: *** [Core/Modules/Button/subdir.mk:19: Core/Modules/Button/button.o] Error 1
"make -j6 all" terminated with exit code 2. Build might be incomplete.
13:24:40 **** Incremental Build of configuration Debug for project TechoLabPrj ****
make -j6 all 
arm-none-eabi-g++ "../Core/Modules/Button/button.cpp" -mcpu=cortex-m4 -std=gnu++14 -g3 -DDEBUG -DUSE_HAL_DRIVER -DSTM32F446xx -c -I../Core/Inc -I../Drivers/STM32F4xx_HAL_Driver/Inc -I../Drivers/STM32F4xx_HAL_Driver/Inc/Legacy -I../Drivers/CMSIS/Device/ST/STM32F4xx/Include -I../Drivers/CMSIS/Include -I../Middlewares/Third_Party/FreeRTOS/Source/include -I../Middlewares/Third_Party/FreeRTOS/Source/CMSIS_RTOS_V2 -I../Middlewares/Third_Party/FreeRTOS/Source/portable/GCC/ARM_CM4F -O0 -ffunction-sections -fdata-sections -fno-exceptions -fno-rtti -fno-use-cxa-atexit -Wall -fstack-usage -MMD -MP -MF"Core/Modules/Button/button.d" -MT"Core/Modules/Button/button.o" --specs=nano.specs -mfpu=fpv4-sp-d16 -mfloat-abi=hard -mthumb -o "Core/Modules/Button/button.o"
../Core/Modules/Button/button.cpp: In function 'void getButtonEvent(uint8_t, uint8_t)':
../Core/Modules/Button/button.cpp:12:5: error: 'getCurrentState' was not declared in this scope
   12 |  if(getCurrentState() == GPIO_PIN_SET)
      |     ^~~~~~~~~~~~~~~
../Core/Modules/Button/button.cpp:13:1: error: expected primary-expression before '}' token
   13 | }
      | ^
make: *** [Core/Modules/Button/subdir.mk:19: Core/Modules/Button/button.o] Error 1
"make -j6 all" terminated with exit code 2. Build might be incomplete.
13:25:09 **** Incremental Build of configuration Debug for project TechoLabPrj ****
make -j6 all 
arm-none-eabi-g++ "../Core/Modules/Button/button.cpp" -mcpu=cortex-m4 -std=gnu++14 -g3 -DDEBUG -DUSE_HAL_DRIVER -DSTM32F446xx -c -I../Core/Inc -I../Drivers/STM32F4xx_HAL_Driver/Inc -I../Drivers/STM32F4xx_HAL_Driver/Inc/Legacy -I../Drivers/CMSIS/Device/ST/STM32F4xx/Include -I../Drivers/CMSIS/Include -I../Middlewares/Third_Party/FreeRTOS/Source/include -I../Middlewares/Third_Party/FreeRTOS/Source/CMSIS_RTOS_V2 -I../Middlewares/Third_Party/FreeRTOS/Source/portable/GCC/ARM_CM4F -O0 -ffunction-sections -fdata-sections -fno-exceptions -fno-rtti -fno-use-cxa-atexit -Wall -fstack-usage -MMD -MP -MF"Core/Modules/Button/button.d" -MT"Core/Modules/Button/button.o" --specs=nano.specs -mfpu=fpv4-sp-d16 -mfloat-abi=hard -mthumb -o "Core/Modules/Button/button.o"
../Core/Modules/Button/button.cpp: In function 'void getButtonEvent(uint8_t, uint8_t)':
../Core/Modules/Button/button.cpp:12:29: error: cannot call member function 'uint8_t Button::getCurrentState()' without object
   12 |  if(Button::getCurrentState() == GPIO_PIN_SET)
      |                             ^
../Core/Modules/Button/button.cpp:13:1: error: expected primary-expression before '}' token
   13 | }
      | ^
make: *** [Core/Modules/Button/subdir.mk:19: Core/Modules/Button/button.o] Error 1
"make -j6 all" terminated with exit code 2. Build might be incomplete.
13:28:41 **** Incremental Build of configuration Debug for project TechoLabPrj ****
make -j6 all 
arm-none-eabi-g++ "../Core/Modules/Button/button.cpp" -mcpu=cortex-m4 -std=gnu++14 -g3 -DDEBUG -DUSE_HAL_DRIVER -DSTM32F446xx -c -I../Core/Inc -I../Drivers/STM32F4xx_HAL_Driver/Inc -I../Drivers/STM32F4xx_HAL_Driver/Inc/Legacy -I../Drivers/CMSIS/Device/ST/STM32F4xx/Include -I../Drivers/CMSIS/Include -I../Middlewares/Third_Party/FreeRTOS/Source/include -I../Middlewares/Third_Party/FreeRTOS/Source/CMSIS_RTOS_V2 -I../Middlewares/Third_Party/FreeRTOS/Source/portable/GCC/ARM_CM4F -O0 -ffunction-sections -fdata-sections -fno-exceptions -fno-rtti -fno-use-cxa-atexit -Wall -fstack-usage -MMD -MP -MF"Core/Modules/Button/button.d" -MT"Core/Modules/Button/button.o" --specs=nano.specs -mfpu=fpv4-sp-d16 -mfloat-abi=hard -mthumb -o "Core/Modules/Button/button.o"
../Core/Modules/Button/button.cpp: In member function 'void Button::getButtonEvent(uint8_t, uint8_t)':
../Core/Modules/Button/button.cpp:13:1: error: expected primary-expression before '}' token
   13 | }
      | ^
make: *** [Core/Modules/Button/subdir.mk:19: Core/Modules/Button/button.o] Error 1
"make -j6 all" terminated with exit code 2. Build might be incomplete.
13:30:45 **** Incremental Build of configuration Debug for project TechoLabPrj ****
make -j6 all 
arm-none-eabi-g++ "../Core/Modules/Button/button.cpp" -mcpu=cortex-m4 -std=gnu++14 -g3 -DDEBUG -DUSE_HAL_DRIVER -DSTM32F446xx -c -I../Core/Inc -I../Drivers/STM32F4xx_HAL_Driver/Inc -I../Drivers/STM32F4xx_HAL_Driver/Inc/Legacy -I../Drivers/CMSIS/Device/ST/STM32F4xx/Include -I../Drivers/CMSIS/Include -I../Middlewares/Third_Party/FreeRTOS/Source/include -I../Middlewares/Third_Party/FreeRTOS/Source/CMSIS_RTOS_V2 -I../Middlewares/Third_Party/FreeRTOS/Source/portable/GCC/ARM_CM4F -O0 -ffunction-sections -fdata-sections -fno-exceptions -fno-rtti -fno-use-cxa-atexit -Wall -fstack-usage -MMD -MP -MF"Core/Modules/Button/button.d" -MT"Core/Modules/Button/button.o" --specs=nano.specs -mfpu=fpv4-sp-d16 -mfloat-abi=hard -mthumb -o "Core/Modules/Button/button.o"
arm-none-eabi-g++ -o "TechoLabPrj.elf" @"objects.list"   -mcpu=cortex-m4 -T"C:\Users\alexander\Desktop\TechnoLabProj\TechnoLabQuest\TechoLabPrj\STM32F446RETX_FLASH.ld" --specs=nosys.specs -Wl,-Map="TechoLabPrj.map" -Wl,--gc-sections -static --specs=nano.specs -mfpu=fpv4-sp-d16 -mfloat-abi=hard -mthumb -Wl,--start-group -lc -lm -lstdc++ -lsupc++ -Wl,--end-group
Finished building target: TechoLabPrj.elf
 
arm-none-eabi-size   TechoLabPrj.elf 
arm-none-eabi-objdump -h -S  TechoLabPrj.elf  > "TechoLabPrj.list"
   text	   data	    bss	    dec	    hex	filename
  31348	    144	  20688	  52180	   cbd4	TechoLabPrj.elf
Finished building: default.size.stdout
 
Finished building: TechoLabPrj.list
 
13:31:31 **** Incremental Build of configuration Debug for project TechoLabPrj ****
make -j6 all 
arm-none-eabi-g++ "../Core/Modules/Button/button.cpp" -mcpu=cortex-m4 -std=gnu++14 -g3 -DDEBUG -DUSE_HAL_DRIVER -DSTM32F446xx -c -I../Core/Inc -I../Drivers/STM32F4xx_HAL_Driver/Inc -I../Drivers/STM32F4xx_HAL_Driver/Inc/Legacy -I../Drivers/CMSIS/Device/ST/STM32F4xx/Include -I../Drivers/CMSIS/Include -I../Middlewares/Third_Party/FreeRTOS/Source/include -I../Middlewares/Third_Party/FreeRTOS/Source/CMSIS_RTOS_V2 -I../Middlewares/Third_Party/FreeRTOS/Source/portable/GCC/ARM_CM4F -O0 -ffunction-sections -fdata-sections -fno-exceptions -fno-rtti -fno-use-cxa-atexit -Wall -fstack-usage -MMD -MP -MF"Core/Modules/Button/button.d" -MT"Core/Modules/Button/button.o" --specs=nano.specs -mfpu=fpv4-sp-d16 -mfloat-abi=hard -mthumb -o "Core/Modules/Button/button.o"
../Core/Modules/Button/button.cpp: In member function 'uint8_t Button::getButtonEvent(uint8_t, uint8_t)':
../Core/Modules/Button/button.cpp:15:21: error: expected primary-expression before '.' token
   15 |   return ButtonEvent.butpressed;
      |                     ^
make: *** [Core/Modules/Button/subdir.mk:19: Core/Modules/Button/button.o] Error 1
"make -j6 all" terminated with exit code 2. Build might be incomplete.
13:40:10 **** Incremental Build of configuration Debug for project TechoLabPrj ****
make -j6 all 
arm-none-eabi-g++ "../Core/Modules/Button/button.cpp" -mcpu=cortex-m4 -std=gnu++14 -g3 -DDEBUG -DUSE_HAL_DRIVER -DSTM32F446xx -c -I../Core/Inc -I../Drivers/STM32F4xx_HAL_Driver/Inc -I../Drivers/STM32F4xx_HAL_Driver/Inc/Legacy -I../Drivers/CMSIS/Device/ST/STM32F4xx/Include -I../Drivers/CMSIS/Include -I../Middlewares/Third_Party/FreeRTOS/Source/include -I../Middlewares/Third_Party/FreeRTOS/Source/CMSIS_RTOS_V2 -I../Middlewares/Third_Party/FreeRTOS/Source/portable/GCC/ARM_CM4F -O0 -ffunction-sections -fdata-sections -fno-exceptions -fno-rtti -fno-use-cxa-atexit -Wall -fstack-usage -MMD -MP -MF"Core/Modules/Button/button.d" -MT"Core/Modules/Button/button.o" --specs=nano.specs -mfpu=fpv4-sp-d16 -mfloat-abi=hard -mthumb -o "Core/Modules/Button/button.o"
../Core/Modules/Button/button.cpp:10:1: error: 'ButtonEvent' does not name a type
   10 | ButtonEvent butEv;
      | ^~~~~~~~~~~
../Core/Modules/Button/button.cpp: In member function 'uint8_t Button::getButtonEvent(uint8_t, uint8_t)':
../Core/Modules/Button/button.cpp:18:2: error: expected primary-expression before '}' token
   18 |  }
      |  ^
../Core/Modules/Button/button.cpp:17:21: error: expected ';' before '}' token
   17 |   return ButtonEvent
      |                     ^
      |                     ;
   18 |  }
      |  ~                   
make: *** [Core/Modules/Button/subdir.mk:19: Core/Modules/Button/button.o] Error 1
"make -j6 all" terminated with exit code 2. Build might be incomplete.
13:40:20 **** Incremental Build of configuration Debug for project TechoLabPrj ****
make -j6 all 
arm-none-eabi-g++ "../Core/Modules/Button/button.cpp" -mcpu=cortex-m4 -std=gnu++14 -g3 -DDEBUG -DUSE_HAL_DRIVER -DSTM32F446xx -c -I../Core/Inc -I../Drivers/STM32F4xx_HAL_Driver/Inc -I../Drivers/STM32F4xx_HAL_Driver/Inc/Legacy -I../Drivers/CMSIS/Device/ST/STM32F4xx/Include -I../Drivers/CMSIS/Include -I../Middlewares/Third_Party/FreeRTOS/Source/include -I../Middlewares/Third_Party/FreeRTOS/Source/CMSIS_RTOS_V2 -I../Middlewares/Third_Party/FreeRTOS/Source/portable/GCC/ARM_CM4F -O0 -ffunction-sections -fdata-sections -fno-exceptions -fno-rtti -fno-use-cxa-atexit -Wall -fstack-usage -MMD -MP -MF"Core/Modules/Button/button.d" -MT"Core/Modules/Button/button.o" --specs=nano.specs -mfpu=fpv4-sp-d16 -mfloat-abi=hard -mthumb -o "Core/Modules/Button/button.o"
../Core/Modules/Button/button.cpp: In member function 'uint8_t Button::getButtonEvent(uint8_t, uint8_t)':
../Core/Modules/Button/button.cpp:18:2: error: expected primary-expression before '}' token
   18 |  }
      |  ^
../Core/Modules/Button/button.cpp:17:21: error: expected ';' before '}' token
   17 |   return ButtonEvent
      |                     ^
      |                     ;
   18 |  }
      |  ~                   
make: *** [Core/Modules/Button/subdir.mk:19: Core/Modules/Button/button.o] Error 1
"make -j6 all" terminated with exit code 2. Build might be incomplete.
13:42:27 **** Incremental Build of configuration Debug for project TechoLabPrj ****
make -j6 all 
arm-none-eabi-g++ "../Core/Modules/Button/button.cpp" -mcpu=cortex-m4 -std=gnu++14 -g3 -DDEBUG -DUSE_HAL_DRIVER -DSTM32F446xx -c -I../Core/Inc -I../Drivers/STM32F4xx_HAL_Driver/Inc -I../Drivers/STM32F4xx_HAL_Driver/Inc/Legacy -I../Drivers/CMSIS/Device/ST/STM32F4xx/Include -I../Drivers/CMSIS/Include -I../Middlewares/Third_Party/FreeRTOS/Source/include -I../Middlewares/Third_Party/FreeRTOS/Source/CMSIS_RTOS_V2 -I../Middlewares/Third_Party/FreeRTOS/Source/portable/GCC/ARM_CM4F -O0 -ffunction-sections -fdata-sections -fno-exceptions -fno-rtti -fno-use-cxa-atexit -Wall -fstack-usage -MMD -MP -MF"Core/Modules/Button/button.d" -MT"Core/Modules/Button/button.o" --specs=nano.specs -mfpu=fpv4-sp-d16 -mfloat-abi=hard -mthumb -o "Core/Modules/Button/button.o"
../Core/Modules/Button/button.cpp: In member function 'uint8_t Button::getButtonEvent(uint8_t, uint8_t)':
../Core/Modules/Button/button.cpp:17:16: error: invalid conversion from 'char*' to 'uint8_t' {aka 'unsigned char'} [-fpermissive]
   17 |   return butEv.butpressed;
      |          ~~~~~~^~~~~~~~~~
      |                |
      |                char*
../Core/Modules/Button/button.cpp:19:1: warning: control reaches end of non-void function [-Wreturn-type]
   19 | }
      | ^
make: *** [Core/Modules/Button/subdir.mk:19: Core/Modules/Button/button.o] Error 1
"make -j6 all" terminated with exit code 2. Build might be incomplete.
13:42:47 **** Incremental Build of configuration Debug for project TechoLabPrj ****
make -j6 all 
arm-none-eabi-g++ "../Core/Modules/Button/button.cpp" -mcpu=cortex-m4 -std=gnu++14 -g3 -DDEBUG -DUSE_HAL_DRIVER -DSTM32F446xx -c -I../Core/Inc -I../Drivers/STM32F4xx_HAL_Driver/Inc -I../Drivers/STM32F4xx_HAL_Driver/Inc/Legacy -I../Drivers/CMSIS/Device/ST/STM32F4xx/Include -I../Drivers/CMSIS/Include -I../Middlewares/Third_Party/FreeRTOS/Source/include -I../Middlewares/Third_Party/FreeRTOS/Source/CMSIS_RTOS_V2 -I../Middlewares/Third_Party/FreeRTOS/Source/portable/GCC/ARM_CM4F -O0 -ffunction-sections -fdata-sections -fno-exceptions -fno-rtti -fno-use-cxa-atexit -Wall -fstack-usage -MMD -MP -MF"Core/Modules/Button/button.d" -MT"Core/Modules/Button/button.o" --specs=nano.specs -mfpu=fpv4-sp-d16 -mfloat-abi=hard -mthumb -o "Core/Modules/Button/button.o"
../Core/Modules/Button/button.cpp: In member function 'uint8_t Button::getButtonEvent(uint8_t, uint8_t)':
[...]
arm-none-eabi-gcc "../Drivers/STM32F4xx_HAL_Driver/Src/stm32f4xx_hal_dma.c" -mcpu=cortex-m4 -std=gnu11 -g3 -DDEBUG -DUSE_HAL_DRIVER -DSTM32F446xx -c -I../Core/Inc -I../Drivers/STM32F4xx_HAL_Driver/Inc -I../Drivers/STM32F4xx_HAL_Driver/Inc/Legacy -I../Drivers/CMSIS/Device/ST/STM32F4xx/Include -I../Drivers/CMSIS/Include -I../Middlewares/Third_Party/FreeRTOS/Source/include -I../Middlewares/Third_Party/FreeRTOS/Source/CMSIS_RTOS_V2 -I../Middlewares/Third_Party/FreeRTOS/Source/portable/GCC/ARM_CM4F -O0 -ffunction-sections -fdata-sections -Wall -fstack-usage -MMD -MP -MF"Drivers/STM32F4xx_HAL_Driver/Src/stm32f4xx_hal_dma.d" -MT"Drivers/STM32F4xx_HAL_Driver/Src/stm32f4xx_hal_dma.o" --specs=nano.specs -mfpu=fpv4-sp-d16 -mfloat-abi=hard -mthumb -o "Drivers/STM32F4xx_HAL_Driver/Src/stm32f4xx_hal_dma.o"
arm-none-eabi-gcc "../Drivers/STM32F4xx_HAL_Driver/Src/stm32f4xx_hal_dma_ex.c" -mcpu=cortex-m4 -std=gnu11 -g3 -DDEBUG -DUSE_HAL_DRIVER -DSTM32F446xx -c -I../Core/Inc -I../Drivers/STM32F4xx_HAL_Driver/Inc -I../Drivers/STM32F4xx_HAL_Driver/Inc/Legacy -I../Drivers/CMSIS/Device/ST/STM32F4xx/Include -I../Drivers/CMSIS/Include -I../Middlewares/Third_Party/FreeRTOS/Source/include -I../Middlewares/Third_Party/FreeRTOS/Source/CMSIS_RTOS_V2 -I../Middlewares/Third_Party/FreeRTOS/Source/portable/GCC/ARM_CM4F -O0 -ffunction-sections -fdata-sections -Wall -fstack-usage -MMD -MP -MF"Drivers/STM32F4xx_HAL_Driver/Src/stm32f4xx_hal_dma_ex.d" -MT"Drivers/STM32F4xx_HAL_Driver/Src/stm32f4xx_hal_dma_ex.o" --specs=nano.specs -mfpu=fpv4-sp-d16 -mfloat-abi=hard -mthumb -o "Drivers/STM32F4xx_HAL_Driver/Src/stm32f4xx_hal_dma_ex.o"
arm-none-eabi-gcc "../Drivers/STM32F4xx_HAL_Driver/Src/stm32f4xx_hal_exti.c" -mcpu=cortex-m4 -std=gnu11 -g3 -DDEBUG -DUSE_HAL_DRIVER -DSTM32F446xx -c -I../Core/Inc -I../Drivers/STM32F4xx_HAL_Driver/Inc -I../Drivers/STM32F4xx_HAL_Driver/Inc/Legacy -I../Drivers/CMSIS/Device/ST/STM32F4xx/Include -I../Drivers/CMSIS/Include -I../Middlewares/Third_Party/FreeRTOS/Source/include -I../Middlewares/Third_Party/FreeRTOS/Source/CMSIS_RTOS_V2 -I../Middlewares/Third_Party/FreeRTOS/Source/portable/GCC/ARM_CM4F -O0 -ffunction-sections -fdata-sections -Wall -fstack-usage -MMD -MP -MF"Drivers/STM32F4xx_HAL_Driver/Src/stm32f4xx_hal_exti.d" -MT"Drivers/STM32F4xx_HAL_Driver/Src/stm32f4xx_hal_exti.o" --specs=nano.specs -mfpu=fpv4-sp-d16 -mfloat-abi=hard -mthumb -o "Drivers/STM32F4xx_HAL_Driver/Src/stm32f4xx_hal_exti.o"
arm-none-eabi-gcc "../Drivers/STM32F4xx_HAL_Driver/Src/stm32f4xx_hal_flash.c" -mcpu=cortex-m4 -std=gnu11 -g3 -DDEBUG -DUSE_HAL_DRIVER -DSTM32F446xx -c -I../Core/Inc -I../Drivers/STM32F4xx_HAL_Driver/Inc -I../Drivers/STM32F4xx_HAL_Driver/Inc/Legacy -I../Drivers/CMSIS/Device/ST/STM32F4xx/Include -I../Drivers/CMSIS/Include -I../Middlewares/Third_Party/FreeRTOS/Source/include -I../Middlewares/Third_Party/FreeRTOS/Source/CMSIS_RTOS_V2 -I../Middlewares/Third_Party/FreeRTOS/Source/portable/GCC/ARM_CM4F -O0 -ffunction-sections -fdata-sections -Wall -fstack-usage -MMD -MP -MF"Drivers/STM32F4xx_HAL_Driver/Src/stm32f4xx_hal_flash.d" -MT"Drivers/STM32F4xx_HAL_Driver/Src/stm32f4xx_hal_flash.o" --specs=nano.specs -mfpu=fpv4-sp-d16 -mfloat-abi=hard -mthumb -o "Drivers/STM32F4xx_HAL_Driver/Src/stm32f4xx_hal_flash.o"
arm-none-eabi-gcc "../Drivers/STM32F4xx_HAL_Driver/Src/stm32f4xx_hal_flash_ex.c" -mcpu=cortex-m4 -std=gnu11 -g3 -DDEBUG -DUSE_HAL_DRIVER -DSTM32F446xx -c -I../Core/Inc -I../Drivers/STM32F4xx_HAL_Driver/Inc -I../Drivers/STM32F4xx_HAL_Driver/Inc/Legacy -I../Drivers/CMSIS/Device/ST/STM32F4xx/Include -I../Drivers/CMSIS/Include -I../Middlewares/Third_Party/FreeRTOS/Source/include -I../Middlewares/Third_Party/FreeRTOS/Source/CMSIS_RTOS_V2 -I../Middlewares/Third_Party/FreeRTOS/Source/portable/GCC/ARM_CM4F -O0 -ffunction-sections -fdata-sections -Wall -fstack-usage -MMD -MP -MF"Drivers/STM32F4xx_HAL_Driver/Src/stm32f4xx_hal_flash_ex.d" -MT"Drivers/STM32F4xx_HAL_Driver/Src/stm32f4xx_hal_flash_ex.o" --specs=nano.specs -mfpu=fpv4-sp-d16 -mfloat-abi=hard -mthumb -o "Drivers/STM32F4xx_HAL_Driver/Src/stm32f4xx_hal_flash_ex.o"
arm-none-eabi-gcc "../Drivers/STM32F4xx_HAL_Driver/Src/stm32f4xx_hal_flash_ramfunc.c" -mcpu=cortex-m4 -std=gnu11 -g3 -DDEBUG -DUSE_HAL_DRIVER -DSTM32F446xx -c -I../Core/Inc -I../Drivers/STM32F4xx_HAL_Driver/Inc -I../Drivers/STM32F4xx_HAL_Driver/Inc/Legacy -I../Drivers/CMSIS/Device/ST/STM32F4xx/Include -I../Drivers/CMSIS/Include -I../Middlewares/Third_Party/FreeRTOS/Source/include -I../Middlewares/Third_Party/FreeRTOS/Source/CMSIS_RTOS_V2 -I../Middlewares/Third_Party/FreeRTOS/Source/portable/GCC/ARM_CM4F -O0 -ffunction-sections -fdata-sections -Wall -fstack-usage -MMD -MP -MF"Drivers/STM32F4xx_HAL_Driver/Src/stm32f4xx_hal_flash_ramfunc.d" -MT"Drivers/STM32F4xx_HAL_Driver/Src/stm32f4xx_hal_flash_ramfunc.o" --specs=nano.specs -mfpu=fpv4-sp-d16 -mfloat-abi=hard -mthumb -o "Drivers/STM32F4xx_HAL_Driver/Src/stm32f4xx_hal_flash_ramfunc.o"
arm-none-eabi-gcc "../Drivers/STM32F4xx_HAL_Driver/Src/stm32f4xx_hal_gpio.c" -mcpu=cortex-m4 -std=gnu11 -g3 -DDEBUG -DUSE_HAL_DRIVER -DSTM32F446xx -c -I../Core/Inc -I../Drivers/STM32F4xx_HAL_Driver/Inc -I../Drivers/STM32F4xx_HAL_Driver/Inc/Legacy -I../Drivers/CMSIS/Device/ST/STM32F4xx/Include -I../Drivers/CMSIS/Include -I../Middlewares/Third_Party/FreeRTOS/Source/include -I../Middlewares/Third_Party/FreeRTOS/Source/CMSIS_RTOS_V2 -I../Middlewares/Third_Party/FreeRTOS/Source/portable/GCC/ARM_CM4F -O0 -ffunction-sections -fdata-sections -Wall -fstack-usage -MMD -MP -MF"Drivers/STM32F4xx_HAL_Driver/Src/stm32f4xx_hal_gpio.d" -MT"Drivers/STM32F4xx_HAL_Driver/Src/stm32f4xx_hal_gpio.o" --specs=nano.specs -mfpu=fpv4-sp-d16 -mfloat-abi=hard -mthumb -o "Drivers/STM32F4xx_HAL_Driver/Src/stm32f4xx_hal_gpio.o"
arm-none-eabi-gcc "../Drivers/STM32F4xx_HAL_Driver/Src/stm32f4xx_hal_pwr.c" -mcpu=cortex-m4 -std=gnu11 -g3 -DDEBUG -DUSE_HAL_DRIVER -DSTM32F446xx -c -I../Core/Inc -I../Drivers/STM32F4xx_HAL_Driver/Inc -I../Drivers/STM32F4xx_HAL_Driver/Inc/Legacy -I../Drivers/CMSIS/Device/ST/STM32F4xx/Include -I../Drivers/CMSIS/Include -I../Middlewares/Third_Party/FreeRTOS/Source/include -I../Middlewares/Third_Party/FreeRTOS/Source/CMSIS_RTOS_V2 -I../Middlewares/Third_Party/FreeRTOS/Source/portable/GCC/ARM_CM4F -O0 -ffunction-sections -fdata-sections -Wall -fstack-usage -MMD -MP -MF"Drivers/STM32F4xx_HAL_Driver/Src/stm32f4xx_hal_pwr.d" -MT"Drivers/STM32F4xx_HAL_Driver/Src/stm32f4xx_hal_pwr.o" --specs=nano.specs -mfpu=fpv4-sp-d16 -mfloat-abi=hard -mthumb -o "Drivers/STM32F4xx_HAL_Driver/Src/stm32f4xx_hal_pwr.o"
arm-none-eabi-gcc "../Drivers/STM32F4xx_HAL_Driver/Src/stm32f4xx_hal_pwr_ex.c" -mcpu=cortex-m4 -std=gnu11 -g3 -DDEBUG -DUSE_HAL_DRIVER -DSTM32F446xx -c -I../Core/Inc -I../Drivers/STM32F4xx_HAL_Driver/Inc -I../Drivers/STM32F4xx_HAL_Driver/Inc/Legacy -I../Drivers/CMSIS/Device/ST/STM32F4xx/Include -I../Drivers/CMSIS/Include -I../Middlewares/Third_Party/FreeRTOS/Source/include -I../Middlewares/Third_Party/FreeRTOS/Source/CMSIS_RTOS_V2 -I../Middlewares/Third_Party/FreeRTOS/Source/portable/GCC/ARM_CM4F -O0 -ffunction-sections -fdata-sections -Wall -fstack-usage -MMD -MP -MF"Drivers/STM32F4xx_HAL_Driver/Src/stm32f4xx_hal_pwr_ex.d" -MT"Drivers/STM32F4xx_HAL_Driver/Src/stm32f4xx_hal_pwr_ex.o" --specs=nano.specs -mfpu=fpv4-sp-d16 -mfloat-abi=hard -mthumb -o "Drivers/STM32F4xx_HAL_Driver/Src/stm32f4xx_hal_pwr_ex.o"
arm-none-eabi-gcc "../Drivers/STM32F4xx_HAL_Driver/Src/stm32f4xx_hal_rcc.c" -mcpu=cortex-m4 -std=gnu11 -g3 -DDEBUG -DUSE_HAL_DRIVER -DSTM32F446xx -c -I../Core/Inc -I../Drivers/STM32F4xx_HAL_Driver/Inc -I../Drivers/STM32F4xx_HAL_Driver/Inc/Legacy -I../Drivers/CMSIS/Device/ST/STM32F4xx/Include -I../Drivers/CMSIS/Include -I../Middlewares/Third_Party/FreeRTOS/Source/include -I../Middlewares/Third_Party/FreeRTOS/Source/CMSIS_RTOS_V2 -I../Middlewares/Third_Party/FreeRTOS/Source/portable/GCC/ARM_CM4F -O0 -ffunction-sections -fdata-sections -Wall -fstack-usage -MMD -MP -MF"Drivers/STM32F4xx_HAL_Driver/Src/stm32f4xx_hal_rcc.d" -MT"Drivers/STM32F4xx_HAL_Driver/Src/stm32f4xx_hal_rcc.o" --specs=nano.specs -mfpu=fpv4-sp-d16 -mfloat-abi=hard -mthumb -o "Drivers/STM32F4xx_HAL_Driver/Src/stm32f4xx_hal_rcc.o"
arm-none-eabi-gcc "../Drivers/STM32F4xx_HAL_Driver/Src/stm32f4xx_hal_rcc_ex.c" -mcpu=cortex-m4 -std=gnu11 -g3 -DDEBUG -DUSE_HAL_DRIVER -DSTM32F446xx -c -I../Core/Inc -I../Drivers/STM32F4xx_HAL_Driver/Inc -I../Drivers/STM32F4xx_HAL_Driver/Inc/Legacy -I../Drivers/CMSIS/Device/ST/STM32F4xx/Include -I../Drivers/CMSIS/Include -I../Middlewares/Third_Party/FreeRTOS/Source/include -I../Middlewares/Third_Party/FreeRTOS/Source/CMSIS_RTOS_V2 -I../Middlewares/Third_Party/FreeRTOS/Source/portable/GCC/ARM_CM4F -O0 -ffunction-sections -fdata-sections -Wall -fstack-usage -MMD -MP -MF"Drivers/STM32F4xx_HAL_Driver/Src/stm32f4xx_hal_rcc_ex.d" -MT"Drivers/STM32F4xx_HAL_Driver/Src/stm32f4xx_hal_rcc_ex.o" --specs=nano.specs -mfpu=fpv4-sp-d16 -mfloat-abi=hard -mthumb -o "Drivers/STM32F4xx_HAL_Driver/Src/stm32f4xx_hal_rcc_ex.o"
arm-none-eabi-gcc "../Drivers/STM32F4xx_HAL_Driver/Src/stm32f4xx_hal_tim.c" -mcpu=cortex-m4 -std=gnu11 -g3 -DDEBUG -DUSE_HAL_DRIVER -DSTM32F446xx -c -I../Core/Inc -I../Drivers/STM32F4xx_HAL_Driver/Inc -I../Drivers/STM32F4xx_HAL_Driver/Inc/Legacy -I../Drivers/CMSIS/Device/ST/STM32F4xx/Include -I../Drivers/CMSIS/Include -I../Middlewares/Third_Party/FreeRTOS/Source/include -I../Middlewares/Third_Party/FreeRTOS/Source/CMSIS_RTOS_V2 -I../Middlewares/Third_Party/FreeRTOS/Source/portable/GCC/ARM_CM4F -O0 -ffunction-sections -fdata-sections -Wall -fstack-usage -MMD -MP -MF"Drivers/STM32F4xx_HAL_Driver/Src/stm32f4xx_hal_tim.d" -MT"Drivers/STM32F4xx_HAL_Driver/Src/stm32f4xx_hal_tim.o" --specs=nano.specs -mfpu=fpv4-sp-d16 -mfloat-abi=hard -mthumb -o "Drivers/STM32F4xx_HAL_Driver/Src/stm32f4xx_hal_tim.o"
arm-none-eabi-gcc "../Drivers/STM32F4xx_HAL_Driver/Src/stm32f4xx_hal_tim_ex.c" -mcpu=cortex-m4 -std=gnu11 -g3 -DDEBUG -DUSE_HAL_DRIVER -DSTM32F446xx -c -I../Core/Inc -I../Drivers/STM32F4xx_HAL_Driver/Inc -I../Drivers/STM32F4xx_HAL_Driver/Inc/Legacy -I../Drivers/CMSIS/Device/ST/STM32F4xx/Include -I../Drivers/CMSIS/Include -I../Middlewares/Third_Party/FreeRTOS/Source/include -I../Middlewares/Third_Party/FreeRTOS/Source/CMSIS_RTOS_V2 -I../Middlewares/Third_Party/FreeRTOS/Source/portable/GCC/ARM_CM4F -O0 -ffunction-sections -fdata-sections -Wall -fstack-usage -MMD -MP -MF"Drivers/STM32F4xx_HAL_Driver/Src/stm32f4xx_hal_tim_ex.d" -MT"Drivers/STM32F4xx_HAL_Driver/Src/stm32f4xx_hal_tim_ex.o" --specs=nano.specs -mfpu=fpv4-sp-d16 -mfloat-abi=hard -mthumb -o "Drivers/STM32F4xx_HAL_Driver/Src/stm32f4xx_hal_tim_ex.o"
arm-none-eabi-gcc "../Drivers/STM32F4xx_HAL_Driver/Src/stm32f4xx_hal_uart.c" -mcpu=cortex-m4 -std=gnu11 -g3 -DDEBUG -DUSE_HAL_DRIVER -DSTM32F446xx -c -I../Core/Inc -I../Drivers/STM32F4xx_HAL_Driver/Inc -I../Drivers/STM32F4xx_HAL_Driver/Inc/Legacy -I../Drivers/CMSIS/Device/ST/STM32F4xx/Include -I../Drivers/CMSIS/Include -I../Middlewares/Third_Party/FreeRTOS/Source/include -I../Middlewares/Third_Party/FreeRTOS/Source/CMSIS_RTOS_V2 -I../Middlewares/Third_Party/FreeRTOS/Source/portable/GCC/ARM_CM4F -O0 -ffunction-sections -fdata-sections -Wall -fstack-usage -MMD -MP -MF"Drivers/STM32F4xx_HAL_Driver/Src/stm32f4xx_hal_uart.d" -MT"Drivers/STM32F4xx_HAL_Driver/Src/stm32f4xx_hal_uart.o" --specs=nano.specs -mfpu=fpv4-sp-d16 -mfloat-abi=hard -mthumb -o "Drivers/STM32F4xx_HAL_Driver/Src/stm32f4xx_hal_uart.o"
arm-none-eabi-gcc "../Core/Src/freertos.c" -mcpu=cortex-m4 -std=gnu11 -g3 -DDEBUG -DUSE_HAL_DRIVER -DSTM32F446xx -c -I../Core/Inc -I../Drivers/STM32F4xx_HAL_Driver/Inc -I../Drivers/STM32F4xx_HAL_Driver/Inc/Legacy -I../Drivers/CMSIS/Device/ST/STM32F4xx/Include -I../Drivers/CMSIS/Include -I../Middlewares/Third_Party/FreeRTOS/Source/include -I../Middlewares/Third_Party/FreeRTOS/Source/CMSIS_RTOS_V2 -I../Middlewares/Third_Party/FreeRTOS/Source/portable/GCC/ARM_CM4F -O0 -ffunction-sections -fdata-sections -Wall -fstack-usage -MMD -MP -MF"Core/Src/freertos.d" -MT"Core/Src/freertos.o" --specs=nano.specs -mfpu=fpv4-sp-d16 -mfloat-abi=hard -mthumb -o "Core/Src/freertos.o"
arm-none-eabi-g++ "../Core/Src/main.cpp" -mcpu=cortex-m4 -std=gnu++14 -g3 -DDEBUG -DUSE_HAL_DRIVER -DSTM32F446xx -c -I../Core/Inc -I../Drivers/STM32F4xx_HAL_Driver/Inc -I../Drivers/STM32F4xx_HAL_Driver/Inc/Legacy -I../Drivers/CMSIS/Device/ST/STM32F4xx/Include -I../Drivers/CMSIS/Include -I../Middlewares/Third_Party/FreeRTOS/Source/include -I../Middlewares/Third_Party/FreeRTOS/Source/CMSIS_RTOS_V2 -I../Middlewares/Third_Party/FreeRTOS/Source/portable/GCC/ARM_CM4F -O0 -ffunction-sections -fdata-sections -fno-exceptions -fno-rtti -fno-use-cxa-atexit -Wall -fstack-usage -MMD -MP -MF"Core/Src/main.d" -MT"Core/Src/main.o" --specs=nano.specs -mfpu=fpv4-sp-d16 -mfloat-abi=hard -mthumb -o "Core/Src/main.o"
arm-none-eabi-gcc "../Core/Src/stm32f4xx_hal_msp.c" -mcpu=cortex-m4 -std=gnu11 -g3 -DDEBUG -DUSE_HAL_DRIVER -DSTM32F446xx -c -I../Core/Inc -I../Drivers/STM32F4xx_HAL_Driver/Inc -I../Drivers/STM32F4xx_HAL_Driver/Inc/Legacy -I../Drivers/CMSIS/Device/ST/STM32F4xx/Include -I../Drivers/CMSIS/Include -I../Middlewares/Third_Party/FreeRTOS/Source/include -I../Middlewares/Third_Party/FreeRTOS/Source/CMSIS_RTOS_V2 -I../Middlewares/Third_Party/FreeRTOS/Source/portable/GCC/ARM_CM4F -O0 -ffunction-sections -fdata-sections -Wall -fstack-usage -MMD -MP -MF"Core/Src/stm32f4xx_hal_msp.d" -MT"Core/Src/stm32f4xx_hal_msp.o" --specs=nano.specs -mfpu=fpv4-sp-d16 -mfloat-abi=hard -mthumb -o "Core/Src/stm32f4xx_hal_msp.o"
../Core/Src/main.cpp: In function 'void buttonHandlerTask(void*)':
../Core/Src/main.cpp:549:66: warning: passing NULL to non-pointer argument 4 of 'osStatus_t osMessageQueueGet(osMessageQueueId_t, void*, uint8_t*, uint32_t)' [-Wconversion-null]
  549 |   if(osMessageQueueGet(buttonInterruptStateQueue, &packet, NULL, NULL) == osOK)
      |                                                                  ^~~~
In file included from ../Middlewares/Third_Party/FreeRTOS/Source/CMSIS_RTOS_V2/cmsis_os.h:155,
                 from ../Core/Src/main.cpp:21:
../Middlewares/Third_Party/FreeRTOS/Source/CMSIS_RTOS_V2/cmsis_os2.h:697:100: note:   declared here
  697 | osStatus_t osMessageQueueGet (osMessageQueueId_t mq_id, void *msg_ptr, uint8_t *msg_prio, uint32_t timeout);
      |                                                                                           ~~~~~~~~~^~~~~~~
arm-none-eabi-gcc "../Core/Src/stm32f4xx_hal_timebase_tim.c" -mcpu=cortex-m4 -std=gnu11 -g3 -DDEBUG -DUSE_HAL_DRIVER -DSTM32F446xx -c -I../Core/Inc -I../Drivers/STM32F4xx_HAL_Driver/Inc -I../Drivers/STM32F4xx_HAL_Driver/Inc/Legacy -I../Drivers/CMSIS/Device/ST/STM32F4xx/Include -I../Drivers/CMSIS/Include -I../Middlewares/Third_Party/FreeRTOS/Source/include -I../Middlewares/Third_Party/FreeRTOS/Source/CMSIS_RTOS_V2 -I../Middlewares/Third_Party/FreeRTOS/Source/portable/GCC/ARM_CM4F -O0 -ffunction-sections -fdata-sections -Wall -fstack-usage -MMD -MP -MF"Core/Src/stm32f4xx_hal_timebase_tim.d" -MT"Core/Src/stm32f4xx_hal_timebase_tim.o" --specs=nano.specs -mfpu=fpv4-sp-d16 -mfloat-abi=hard -mthumb -o "Core/Src/stm32f4xx_hal_timebase_tim.o"
arm-none-eabi-gcc "../Core/Src/stm32f4xx_it.c" -mcpu=cortex-m4 -std=gnu11 -g3 -DDEBUG -DUSE_HAL_DRIVER -DSTM32F446xx -c -I../Core/Inc -I../Drivers/STM32F4xx_HAL_Driver/Inc -I../Drivers/STM32F4xx_HAL_Driver/Inc/Legacy -I../Drivers/CMSIS/Device/ST/STM32F4xx/Include -I../Drivers/CMSIS/Include -I../Middlewares/Third_Party/FreeRTOS/Source/include -I../Middlewares/Third_Party/FreeRTOS/Source/CMSIS_RTOS_V2 -I../Middlewares/Third_Party/FreeRTOS/Source/portable/GCC/ARM_CM4F -O0 -ffunction-sections -fdata-sections -Wall -fstack-usage -MMD -MP -MF"Core/Src/stm32f4xx_it.d" -MT"Core/Src/stm32f4xx_it.o" --specs=nano.specs -mfpu=fpv4-sp-d16 -mfloat-abi=hard -mthumb -o "Core/Src/stm32f4xx_it.o"
arm-none-eabi-gcc "../Core/Src/system_stm32f4xx.c" -mcpu=cortex-m4 -std=gnu11 -g3 -DDEBUG -DUSE_HAL_DRIVER -DSTM32F446xx -c -I../Core/Inc -I../Drivers/STM32F4xx_HAL_Driver/Inc -I../Drivers/STM32F4xx_HAL_Driver/Inc/Legacy -I../Drivers/CMSIS/Device/ST/STM32F4xx/Include -I../Drivers/CMSIS/Include -I../Middlewares/Third_Party/FreeRTOS/Source/include -I../Middlewares/Third_Party/FreeRTOS/Source/CMSIS_RTOS_V2 -I../Middlewares/Third_Party/FreeRTOS/Source/portable/GCC/ARM_CM4F -O0 -ffunction-sections -fdata-sections -Wall -fstack-usage -MMD -MP -MF"Core/Src/system_stm32f4xx.d" -MT"Core/Src/system_stm32f4xx.o" --specs=nano.specs -mfpu=fpv4-sp-d16 -mfloat-abi=hard -mthumb -o "Core/Src/system_stm32f4xx.o"
arm-none-eabi-g++ "../Core/RingBuffer/ringBuffer.cpp" -mcpu=cortex-m4 -std=gnu++14 -g3 -DDEBUG -DUSE_HAL_DRIVER -DSTM32F446xx -c -I../Core/Inc -I../Drivers/STM32F4xx_HAL_Driver/Inc -I../Drivers/STM32F4xx_HAL_Driver/Inc/Legacy -I../Drivers/CMSIS/Device/ST/STM32F4xx/Include -I../Drivers/CMSIS/Include -I../Middlewares/Third_Party/FreeRTOS/Source/include -I../Middlewares/Third_Party/FreeRTOS/Source/CMSIS_RTOS_V2 -I../Middlewares/Third_Party/FreeRTOS/Source/portable/GCC/ARM_CM4F -O0 -ffunction-sections -fdata-sections -fno-exceptions -fno-rtti -fno-use-cxa-atexit -Wall -fstack-usage -MMD -MP -MF"Core/RingBuffer/ringBuffer.d" -MT"Core/RingBuffer/ringBuffer.o" --specs=nano.specs -mfpu=fpv4-sp-d16 -mfloat-abi=hard -mthumb -o "Core/RingBuffer/ringBuffer.o"
arm-none-eabi-g++ "../Core/Modules/DHT/DHT.cpp" -mcpu=cortex-m4 -std=gnu++14 -g3 -DDEBUG -DUSE_HAL_DRIVER -DSTM32F446xx -c -I../Core/Inc -I../Drivers/STM32F4xx_HAL_Driver/Inc -I../Drivers/STM32F4xx_HAL_Driver/Inc/Legacy -I../Drivers/CMSIS/Device/ST/STM32F4xx/Include -I../Drivers/CMSIS/Include -I../Middlewares/Third_Party/FreeRTOS/Source/include -I../Middlewares/Third_Party/FreeRTOS/Source/CMSIS_RTOS_V2 -I../Middlewares/Third_Party/FreeRTOS/Source/portable/GCC/ARM_CM4F -O0 -ffunction-sections -fdata-sections -fno-exceptions -fno-rtti -fno-use-cxa-atexit -Wall -fstack-usage -MMD -MP -MF"Core/Modules/DHT/DHT.d" -MT"Core/Modules/DHT/DHT.o" --specs=nano.specs -mfpu=fpv4-sp-d16 -mfloat-abi=hard -mthumb -o "Core/Modules/DHT/DHT.o"
arm-none-eabi-g++ "../Core/Modules/Button/button.cpp" -mcpu=cortex-m4 -std=gnu++14 -g3 -DDEBUG -DUSE_HAL_DRIVER -DSTM32F446xx -c -I../Core/Inc -I../Drivers/STM32F4xx_HAL_Driver/Inc -I../Drivers/STM32F4xx_HAL_Driver/Inc/Legacy -I../Drivers/CMSIS/Device/ST/STM32F4xx/Include -I../Drivers/CMSIS/Include -I../Middlewares/Third_Party/FreeRTOS/Source/include -I../Middlewares/Third_Party/FreeRTOS/Source/CMSIS_RTOS_V2 -I../Middlewares/Third_Party/FreeRTOS/Source/portable/GCC/ARM_CM4F -O0 -ffunction-sections -fdata-sections -fno-exceptions -fno-rtti -fno-use-cxa-atexit -Wall -fstack-usage -MMD -MP -MF"Core/Modules/Button/button.d" -MT"Core/Modules/Button/button.o" --specs=nano.specs -mfpu=fpv4-sp-d16 -mfloat-abi=hard -mthumb -o "Core/Modules/Button/button.o"
arm-none-eabi-g++ -o "TechoLabPrj.elf" @"objects.list"   -mcpu=cortex-m4 -T"C:\Users\alexander\Desktop\TechnoLabProj\TechnoLabQuest\TechoLabPrj\STM32F446RETX_FLASH.ld" --specs=nosys.specs -Wl,-Map="TechoLabPrj.map" -Wl,--gc-sections -static --specs=nano.specs -mfpu=fpv4-sp-d16 -mfloat-abi=hard -mthumb -Wl,--start-group -lc -lm -lstdc++ -lsupc++ -Wl,--end-group
Finished building target: TechoLabPrj.elf
 
arm-none-eabi-size   TechoLabPrj.elf 
arm-none-eabi-objdump -h -S  TechoLabPrj.elf  > "TechoLabPrj.list"
   text	   data	    bss	    dec	    hex	filename
  36484	    204	  20708	  57396	   e034	TechoLabPrj.elf
Finished building: default.size.stdout
 
Finished building: TechoLabPrj.list
 
